Archive member included to satisfy reference by file (symbol)

C:\Users\jonas\AppData\Local\Temp\arduino-sketch-2557EE6B9F804B4BB86B4880FD7F03A8/..\arduino-core-cache\core_arduino_samd_mkrwifi1010_beae6a75c7b1005045df6c1c726f976d.a(cortex_handlers.c.o)
                              (Reset_Handler)
C:\Users\jonas\AppData\Local\Temp\arduino-sketch-2557EE6B9F804B4BB86B4880FD7F03A8/..\arduino-core-cache\core_arduino_samd_mkrwifi1010_beae6a75c7b1005045df6c1c726f976d.a(delay.c.o)
                              C:\Users\jonas\AppData\Local\Temp\arduino-sketch-2557EE6B9F804B4BB86B4880FD7F03A8\sketch\DweetWebClientTempSensor.ino.cpp.o (millis)
C:\Users\jonas\AppData\Local\Temp\arduino-sketch-2557EE6B9F804B4BB86B4880FD7F03A8/..\arduino-core-cache\core_arduino_samd_mkrwifi1010_beae6a75c7b1005045df6c1c726f976d.a(hooks.c.o)
                              C:\Users\jonas\AppData\Local\Temp\arduino-sketch-2557EE6B9F804B4BB86B4880FD7F03A8\libraries\Arduino_MKRENV\MKRENV.cpp.o (yield)
C:\Users\jonas\AppData\Local\Temp\arduino-sketch-2557EE6B9F804B4BB86B4880FD7F03A8/..\arduino-core-cache\core_arduino_samd_mkrwifi1010_beae6a75c7b1005045df6c1c726f976d.a(itoa.c.o)
                              C:\Users\jonas\AppData\Local\Temp\arduino-sketch-2557EE6B9F804B4BB86B4880FD7F03A8\sketch\DweetWebClientTempSensor.ino.cpp.o (itoa)
C:\Users\jonas\AppData\Local\Temp\arduino-sketch-2557EE6B9F804B4BB86B4880FD7F03A8/..\arduino-core-cache\core_arduino_samd_mkrwifi1010_beae6a75c7b1005045df6c1c726f976d.a(startup.c.o)
                              C:\Users\jonas\AppData\Local\Temp\arduino-sketch-2557EE6B9F804B4BB86B4880FD7F03A8/..\arduino-core-cache\core_arduino_samd_mkrwifi1010_beae6a75c7b1005045df6c1c726f976d.a(cortex_handlers.c.o) (SystemInit)
C:\Users\jonas\AppData\Local\Temp\arduino-sketch-2557EE6B9F804B4BB86B4880FD7F03A8/..\arduino-core-cache\core_arduino_samd_mkrwifi1010_beae6a75c7b1005045df6c1c726f976d.a(wiring.c.o)
                              C:\Users\jonas\AppData\Local\Temp\arduino-sketch-2557EE6B9F804B4BB86B4880FD7F03A8/..\arduino-core-cache\core_arduino_samd_mkrwifi1010_beae6a75c7b1005045df6c1c726f976d.a(startup.c.o) (SystemCoreClock)
C:\Users\jonas\AppData\Local\Temp\arduino-sketch-2557EE6B9F804B4BB86B4880FD7F03A8/..\arduino-core-cache\core_arduino_samd_mkrwifi1010_beae6a75c7b1005045df6c1c726f976d.a(wiring_analog.c.o)
                              C:\Users\jonas\AppData\Local\Temp\arduino-sketch-2557EE6B9F804B4BB86B4880FD7F03A8/..\arduino-core-cache\core_arduino_samd_mkrwifi1010_beae6a75c7b1005045df6c1c726f976d.a(wiring.c.o) (analogReference)
C:\Users\jonas\AppData\Local\Temp\arduino-sketch-2557EE6B9F804B4BB86B4880FD7F03A8/..\arduino-core-cache\core_arduino_samd_mkrwifi1010_beae6a75c7b1005045df6c1c726f976d.a(wiring_digital.c.o)
                              C:\Users\jonas\AppData\Local\Temp\arduino-sketch-2557EE6B9F804B4BB86B4880FD7F03A8\libraries\WiFiNINA\utility\spi_drv.cpp.o (pinMode)
C:\Users\jonas\AppData\Local\Temp\arduino-sketch-2557EE6B9F804B4BB86B4880FD7F03A8/..\arduino-core-cache\core_arduino_samd_mkrwifi1010_beae6a75c7b1005045df6c1c726f976d.a(wiring_private.c.o)
                              C:\Users\jonas\AppData\Local\Temp\arduino-sketch-2557EE6B9F804B4BB86B4880FD7F03A8\libraries\Wire\Wire.cpp.o (pinPeripheral)
C:\Users\jonas\AppData\Local\Temp\arduino-sketch-2557EE6B9F804B4BB86B4880FD7F03A8/..\arduino-core-cache\core_arduino_samd_mkrwifi1010_beae6a75c7b1005045df6c1c726f976d.a(Reset.cpp.o)
                              C:\Users\jonas\AppData\Local\Temp\arduino-sketch-2557EE6B9F804B4BB86B4880FD7F03A8/..\arduino-core-cache\core_arduino_samd_mkrwifi1010_beae6a75c7b1005045df6c1c726f976d.a(delay.c.o) (tickReset)
C:\Users\jonas\AppData\Local\Temp\arduino-sketch-2557EE6B9F804B4BB86B4880FD7F03A8/..\arduino-core-cache\core_arduino_samd_mkrwifi1010_beae6a75c7b1005045df6c1c726f976d.a(SERCOM.cpp.o)
                              C:\Users\jonas\AppData\Local\Temp\arduino-sketch-2557EE6B9F804B4BB86B4880FD7F03A8\core\variant.cpp.o (SERCOM::SERCOM(Sercom*))
C:\Users\jonas\AppData\Local\Temp\arduino-sketch-2557EE6B9F804B4BB86B4880FD7F03A8/..\arduino-core-cache\core_arduino_samd_mkrwifi1010_beae6a75c7b1005045df6c1c726f976d.a(CDC.cpp.o)
                              C:\Users\jonas\AppData\Local\Temp\arduino-sketch-2557EE6B9F804B4BB86B4880FD7F03A8\sketch\DweetWebClientTempSensor.ino.cpp.o (Serial_::write(unsigned char))
C:\Users\jonas\AppData\Local\Temp\arduino-sketch-2557EE6B9F804B4BB86B4880FD7F03A8/..\arduino-core-cache\core_arduino_samd_mkrwifi1010_beae6a75c7b1005045df6c1c726f976d.a(USBCore.cpp.o)
                              C:\Users\jonas\AppData\Local\Temp\arduino-sketch-2557EE6B9F804B4BB86B4880FD7F03A8/..\arduino-core-cache\core_arduino_samd_mkrwifi1010_beae6a75c7b1005045df6c1c726f976d.a(CDC.cpp.o) (usbd)
C:\Users\jonas\AppData\Local\Temp\arduino-sketch-2557EE6B9F804B4BB86B4880FD7F03A8/..\arduino-core-cache\core_arduino_samd_mkrwifi1010_beae6a75c7b1005045df6c1c726f976d.a(Uart.cpp.o)
[...]
Memory Configuration

Name             Origin             Length             Attributes
FLASH            0x00002000         0x0003e000         xr
RAM              0x20000000         0x00008000         xrw
*default*        0x00000000         0xffffffff

Linker script and memory map

LOAD c:/users/jonas/appdata/local/arduino15/packages/arduino/tools/arm-none-eabi-gcc/7-2017q4/bin/../lib/gcc/arm-none-eabi/7.2.1/thumb/v6-m/crti.o
LOAD c:/users/jonas/appdata/local/arduino15/packages/arduino/tools/arm-none-eabi-gcc/7-2017q4/bin/../lib/gcc/arm-none-eabi/7.2.1/thumb/v6-m/crtbegin.o
LOAD c:/users/jonas/appdata/local/arduino15/packages/arduino/tools/arm-none-eabi-gcc/7-2017q4/bin/../lib/gcc/arm-none-eabi/7.2.1/../../../../arm-none-eabi/lib/thumb/v6-m/crt0.o
LOAD C:\Users\jonas\AppData\Local\Temp\arduino-sketch-2557EE6B9F804B4BB86B4880FD7F03A8\sketch\DweetWebClientTempSensor.ino.cpp.o
LOAD C:\Users\jonas\AppData\Local\Temp\arduino-sketch-2557EE6B9F804B4BB86B4880FD7F03A8\libraries\WiFiNINA\WiFi.cpp.o
LOAD C:\Users\jonas\AppData\Local\Temp\arduino-sketch-2557EE6B9F804B4BB86B4880FD7F03A8\libraries\WiFiNINA\WiFiClient.cpp.o
LOAD C:\Users\jonas\AppData\Local\Temp\arduino-sketch-2557EE6B9F804B4BB86B4880FD7F03A8\libraries\WiFiNINA\WiFiSSLClient.cpp.o
LOAD C:\Users\jonas\AppData\Local\Temp\arduino-sketch-2557EE6B9F804B4BB86B4880FD7F03A8\libraries\WiFiNINA\WiFiServer.cpp.o
LOAD C:\Users\jonas\AppData\Local\Temp\arduino-sketch-2557EE6B9F804B4BB86B4880FD7F03A8\libraries\WiFiNINA\WiFiStorage.cpp.o
LOAD C:\Users\jonas\AppData\Local\Temp\arduino-sketch-2557EE6B9F804B4BB86B4880FD7F03A8\libraries\WiFiNINA\WiFiUdp.cpp.o
LOAD C:\Users\jonas\AppData\Local\Temp\arduino-sketch-2557EE6B9F804B4BB86B4880FD7F03A8\libraries\WiFiNINA\utility\WiFiSocketBuffer.cpp.o
LOAD C:\Users\jonas\AppData\Local\Temp\arduino-sketch-2557EE6B9F804B4BB86B4880FD7F03A8\libraries\WiFiNINA\utility\nano_rp2040_support.cpp.o
LOAD C:\Users\jonas\AppData\Local\Temp\arduino-sketch-2557EE6B9F804B4BB86B4880FD7F03A8\libraries\WiFiNINA\utility\server_drv.cpp.o
LOAD C:\Users\jonas\AppData\Local\Temp\arduino-sketch-2557EE6B9F804B4BB86B4880FD7F03A8\libraries\WiFiNINA\utility\spi_drv.cpp.o
LOAD C:\Users\jonas\AppData\Local\Temp\arduino-sketch-2557EE6B9F804B4BB86B4880FD7F03A8\libraries\WiFiNINA\utility\wifi_drv.cpp.o
LOAD C:\Users\jonas\AppData\Local\Temp\arduino-sketch-2557EE6B9F804B4BB86B4880FD7F03A8\libraries\Arduino_MKRENV\MKRENV.cpp.o
LOAD C:\Users\jonas\AppData\Local\Temp\arduino-sketch-2557EE6B9F804B4BB86B4880FD7F03A8\libraries\Wire\Wire.cpp.o
LOAD C:\Users\jonas\AppData\Local\Temp\arduino-sketch-2557EE6B9F804B4BB86B4880FD7F03A8\libraries\SPI\SPI.cpp.o
LOAD C:\Users\jonas\AppData\Local\Temp\arduino-sketch-2557EE6B9F804B4BB86B4880FD7F03A8\core\variant.cpp.o
START GROUP
LOAD C:\Users\jonas\AppData\Local\Arduino15\packages\arduino\tools\CMSIS\4.5.0/CMSIS/Lib/GCC/\libarm_cortexM0l_math.a
LOAD C:\Users\jonas\AppData\Local\Temp\arduino-sketch-2557EE6B9F804B4BB86B4880FD7F03A8/..\arduino-core-cache\core_arduino_samd_mkrwifi1010_beae6a75c7b1005045df6c1c726f976d.a
END GROUP
LOAD c:/users/jonas/appdata/local/arduino15/packages/arduino/tools/arm-none-eabi-gcc/7-2017q4/bin/../lib/gcc/arm-none-eabi/7.2.1/../../../../arm-none-eabi/lib/thumb/v6-m\libstdc++_nano.a
LOAD c:/users/jonas/appdata/local/arduino15/packages/arduino/tools/arm-none-eabi-gcc/7-2017q4/bin/../lib/gcc/arm-none-eabi/7.2.1/../../../../arm-none-eabi/lib/thumb/v6-m\libm.a
START GROUP
LOAD c:/users/jonas/appdata/local/arduino15/packages/arduino/tools/arm-none-eabi-gcc/7-2017q4/bin/../lib/gcc/arm-none-eabi/7.2.1/thumb/v6-m\libgcc.a
LOAD c:/users/jonas/appdata/local/arduino15/packages/arduino/tools/arm-none-eabi-gcc/7-2017q4/bin/../lib/gcc/arm-none-eabi/7.2.1/../../../../arm-none-eabi/lib/thumb/v6-m\libc_nano.a
END GROUP
START GROUP
LOAD c:/users/jonas/appdata/local/arduino15/packages/arduino/tools/arm-none-eabi-gcc/7-2017q4/bin/../lib/gcc/arm-none-eabi/7.2.1/thumb/v6-m\libgcc.a
LOAD c:/users/jonas/appdata/local/arduino15/packages/arduino/tools/arm-none-eabi-gcc/7-2017q4/bin/../lib/gcc/arm-none-eabi/7.2.1/../../../../arm-none-eabi/lib/thumb/v6-m\libc_nano.a
LOAD c:/users/jonas/appdata/local/arduino15/packages/arduino/tools/arm-none-eabi-gcc/7-2017q4/bin/../lib/gcc/arm-none-eabi/7.2.1/../../../../arm-none-eabi/lib/thumb/v6-m\libnosys.a
END GROUP
START GROUP
LOAD c:/users/jonas/appdata/local/arduino15/packages/arduino/tools/arm-none-eabi-gcc/7-2017q4/bin/../lib/gcc/arm-none-eabi/7.2.1/thumb/v6-m\libgcc.a
LOAD c:/users/jonas/appdata/local/arduino15/packages/arduino/tools/arm-none-eabi-gcc/7-2017q4/bin/../lib/gcc/arm-none-eabi/7.2.1/../../../../arm-none-eabi/lib/thumb/v6-m\libc_nano.a
LOAD c:/users/jonas/appdata/local/arduino15/packages/arduino/tools/arm-none-eabi-gcc/7-2017q4/bin/../lib/gcc/arm-none-eabi/7.2.1/../../../../arm-none-eabi/lib/thumb/v6-m\libnosys.a
END GROUP
LOAD c:/users/jonas/appdata/local/arduino15/packages/arduino/tools/arm-none-eabi-gcc/7-2017q4/bin/../lib/gcc/arm-none-eabi/7.2.1/thumb/v6-m/crtend.o
LOAD c:/users/jonas/appdata/local/arduino15/packages/arduino/tools/arm-none-eabi-gcc/7-2017q4/bin/../lib/gcc/arm-none-eabi/7.2.1/thumb/v6-m/crtn.o

.text           0x00002000     0x7dd4
                0x00002000                __text_start__ = .
 *(.sketch_boot)
                0x00002000                . = ALIGN (0x2000)
 *(.isr_vector)
 .isr_vector    0x00002000       0xb4 C:\Users\jonas\AppData\Local\Temp\arduino-sketch-2557EE6B9F804B4BB86B4880FD7F03A8/..\arduino-core-cache\core_arduino_samd_mkrwifi1010_beae6a75c7b1005045df6c1c726f976d.a(cortex_handlers.c.o)
                0x00002000                exception_table
 *(.text*)
 .text          0x000020b4       0x48 c:/users/jonas/appdata/local/arduino15/packages/arduino/tools/arm-none-eabi-gcc/7-2017q4/bin/../lib/gcc/arm-none-eabi/7.2.1/thumb/v6-m/crtbegin.o
 .text._Z11enable_WiFiv
                0x000020fc       0x54 C:\Users\jonas\AppData\Local\Temp\arduino-sketch-2557EE6B9F804B4BB86B4880FD7F03A8\sketch\DweetWebClientTempSensor.ino.cpp.o
                0x000020fc                enable_WiFi()
 .text._Z12connect_WiFiv
                0x00002150       0x50 C:\Users\jonas\AppData\Local\Temp\arduino-sketch-2557EE6B9F804B4BB86B4880FD7F03A8\sketch\DweetWebClientTempSensor.ino.cpp.o
                0x00002150                connect_WiFi()
 .text._Z15printWifiStatusv
                0x000021a0       0x70 C:\Users\jonas\AppData\Local\Temp\arduino-sketch-2557EE6B9F804B4BB86B4880FD7F03A8\sketch\DweetWebClientTempSensor.ino.cpp.o
                0x000021a0                printWifiStatus()
 .text.setup    0x00002210       0x6c C:\Users\jonas\AppData\Local\Temp\arduino-sketch-2557EE6B9F804B4BB86B4880FD7F03A8\sketch\DweetWebClientTempSensor.ino.cpp.o
                0x00002210                setup
 .text.startup._GLOBAL__sub_I_client
                0x0000227c       0x10 C:\Users\jonas\AppData\Local\Temp\arduino-sketch-2557EE6B9F804B4BB86B4880FD7F03A8\sketch\DweetWebClientTempSensor.ino.cpp.o
 .text._Z11httpRequestv
                0x0000228c      0x100 C:\Users\jonas\AppData\Local\Temp\arduino-sketch-2557EE6B9F804B4BB86B4880FD7F03A8\sketch\DweetWebClientTempSensor.ino.cpp.o
                0x0000228c                httpRequest()
 .text.loop     0x0000238c       0x44 C:\Users\jonas\AppData\Local\Temp\arduino-sketch-2557EE6B9F804B4BB86B4880FD7F03A8\sketch\DweetWebClientTempSensor.ino.cpp.o
                0x0000238c                loop
 .text._ZN9WiFiClass15firmwareVersionEv
                0x000023d0        0x8 C:\Users\jonas\AppData\Local\Temp\arduino-sketch-2557EE6B9F804B4BB86B4880FD7F03A8\libraries\WiFiNINA\WiFi.cpp.o
                0x000023d0                WiFiClass::firmwareVersion()
 .text._ZN9WiFiClass7localIPEv
                0x000023d8       0x12 C:\Users\jonas\AppData\Local\Temp\arduino-sketch-2557EE6B9F804B4BB86B4880FD7F03A8\libraries\WiFiNINA\WiFi.cpp.o
                0x000023d8                WiFiClass::localIP()
 .text._ZN9WiFiClass4SSIDEv
                0x000023ea        0x8 C:\Users\jonas\AppData\Local\Temp\arduino-sketch-2557EE6B9F804B4BB86B4880FD7F03A8\libraries\WiFiNINA\WiFi.cpp.o
                0x000023ea                WiFiClass::SSID()
 .text._ZN9WiFiClass4RSSIEv
                0x000023f2        0x8 C:\Users\jonas\AppData\Local\Temp\arduino-sketch-2557EE6B9F804B4BB86B4880FD7F03A8\libraries\WiFiNINA\WiFi.cpp.o
                0x000023f2                WiFiClass::RSSI()
 .text._ZN9WiFiClass6statusEv
                0x000023fa        0x8 C:\Users\jonas\AppData\Local\Temp\arduino-sketch-2557EE6B9F804B4BB86B4880FD7F03A8\libraries\WiFiNINA\WiFi.cpp.o
                0x000023fa                WiFiClass::status()
 .text._ZN9WiFiClass10hostByNameEPKcRN7arduino9IPAddressE
                0x00002402        0xc C:\Users\jonas\AppData\Local\Temp\arduino-sketch-2557EE6B9F804B4BB86B4880FD7F03A8\libraries\WiFiNINA\WiFi.cpp.o
                0x00002402                WiFiClass::hostByName(char const*, arduino::IPAddress&)
 .text._ZN9WiFiClass12feedWatchdogEv
                0x0000240e        0xc C:\Users\jonas\AppData\Local\Temp\arduino-sketch-2557EE6B9F804B4BB86B4880FD7F03A8\libraries\WiFiNINA\WiFi.cpp.o
                0x0000240e                WiFiClass::feedWatchdog()
 .text._ZN9WiFiClass5beginEPKcS1_
                0x0000241a       0x56 C:\Users\jonas\AppData\Local\Temp\arduino-sketch-2557EE6B9F804B4BB86B4880FD7F03A8\libraries\WiFiNINA\WiFi.cpp.o
                0x0000241a                WiFiClass::begin(char const*, char const*)
 .text.startup._GLOBAL__sub_I__ZN9WiFiClassC2Ev
                0x00002470       0x14 C:\Users\jonas\AppData\Local\Temp\arduino-sketch-2557EE6B9F804B4BB86B4880FD7F03A8\libraries\WiFiNINA\WiFi.cpp.o
 .text._ZN7arduino5Print17availableForWriteEv
                0x00002484        0x4 C:\Users\jonas\AppData\Local\Temp\arduino-sketch-2557EE6B9F804B4BB86B4880FD7F03A8\libraries\WiFiNINA\WiFiClient.cpp.o
                0x00002484                arduino::Print::availableForWrite()
 .text._ZN10WiFiClient5writeEh
                0x00002488       0x14 C:\Users\jonas\AppData\Local\Temp\arduino-sketch-2557EE6B9F804B4BB86B4880FD7F03A8\libraries\WiFiNINA\WiFiClient.cpp.o
                0x00002488                WiFiClient::write(unsigned char)
 .text._ZN10WiFiClient8setRetryEb
                0x0000249c        0x4 C:\Users\jonas\AppData\Local\Temp\arduino-sketch-2557EE6B9F804B4BB86B4880FD7F03A8\libraries\WiFiNINA\WiFiClient.cpp.o
                0x0000249c                WiFiClient::setRetry(bool)
 .text._ZN10WiFiClient5flushEv
                0x000024a0        0x2 C:\Users\jonas\AppData\Local\Temp\arduino-sketch-2557EE6B9F804B4BB86B4880FD7F03A8\libraries\WiFiNINA\WiFiClient.cpp.o
                0x000024a0                WiFiClient::flush()
 .text._ZN10WiFiClientcvbEv
                0x000024a2        0xc C:\Users\jonas\AppData\Local\Temp\arduino-sketch-2557EE6B9F804B4BB86B4880FD7F03A8\libraries\WiFiNINA\WiFiClient.cpp.o
                0x000024a2                WiFiClient::operator bool()
 *fill*         0x000024ae        0x2 
 .text._ZN10WiFiClient7connectEPKct
                0x000024b0       0x40 C:\Users\jonas\AppData\Local\Temp\arduino-sketch-2557EE6B9F804B4BB86B4880FD7F03A8\libraries\WiFiNINA\WiFiClient.cpp.o
                0x000024b0                WiFiClient::connect(char const*, unsigned short)
 .text._ZN10WiFiClient7connectEN7arduino9IPAddressEt
                0x000024f0       0x78 C:\Users\jonas\AppData\Local\Temp\arduino-sketch-2557EE6B9F804B4BB86B4880FD7F03A8\libraries\WiFiNINA\WiFiClient.cpp.o
                0x000024f0                WiFiClient::connect(arduino::IPAddress, unsigned short)
 .text._ZN10WiFiClient10connectSSLEN7arduino9IPAddressEt
                0x00002568       0x78 C:\Users\jonas\AppData\Local\Temp\arduino-sketch-2557EE6B9F804B4BB86B4880FD7F03A8\libraries\WiFiNINA\WiFiClient.cpp.o
                0x00002568                WiFiClient::connectSSL(arduino::IPAddress, unsigned short)
 .text._ZN10WiFiClient14connectBearSSLEN7arduino9IPAddressEt
                0x000025e0       0x78 C:\Users\jonas\AppData\Local\Temp\arduino-sketch-2557EE6B9F804B4BB86B4880FD7F03A8\libraries\WiFiNINA\WiFiClient.cpp.o
                0x000025e0                WiFiClient::connectBearSSL(arduino::IPAddress, unsigned short)
 .text._ZN10WiFiClient10connectSSLEPKct
                0x00002658       0x84 C:\Users\jonas\AppData\Local\Temp\arduino-sketch-2557EE6B9F804B4BB86B4880FD7F03A8\libraries\WiFiNINA\WiFiClient.cpp.o
                0x00002658                WiFiClient::connectSSL(char const*, unsigned short)
 .text._ZN10WiFiClient14connectBearSSLEPKct
                0x000026dc       0x84 C:\Users\jonas\AppData\Local\Temp\arduino-sketch-2557EE6B9F804B4BB86B4880FD7F03A8\libraries\WiFiNINA\WiFiClient.cpp.o
                0x000026dc                WiFiClient::connectBearSSL(char const*, unsigned short)
 .text._ZN10WiFiClient5writeEPKhj
                0x00002760       0x56 C:\Users\jonas\AppData\Local\Temp\arduino-sketch-2557EE6B9F804B4BB86B4880FD7F03A8\libraries\WiFiNINA\WiFiClient.cpp.o
                0x00002760                WiFiClient::write(unsigned char const*, unsigned int)
 *fill*         0x000027b6        0x2 
 .text._ZN10WiFiClient9availableEv
                0x000027b8       0x18 C:\Users\jonas\AppData\Local\Temp\arduino-sketch-2557EE6B9F804B4BB86B4880FD7F03A8\libraries\WiFiNINA\WiFiClient.cpp.o
                0x000027b8                WiFiClient::available()
 .text._ZN10WiFiClient4readEv
                0x000027d0       0x2c C:\Users\jonas\AppData\Local\Temp\arduino-sketch-2557EE6B9F804B4BB86B4880FD7F03A8\libraries\WiFiNINA\WiFiClient.cpp.o
                0x000027d0                WiFiClient::read()
 .text._ZN10WiFiClient4readEPhj
                0x000027fc       0x18 C:\Users\jonas\AppData\Local\Temp\arduino-sketch-2557EE6B9F804B4BB86B4880FD7F03A8\libraries\WiFiNINA\WiFiClient.cpp.o
                0x000027fc                WiFiClient::read(unsigned char*, unsigned int)
 .text._ZN10WiFiClient4peekEv
                0x00002814       0x10 C:\Users\jonas\AppData\Local\Temp\arduino-sketch-2557EE6B9F804B4BB86B4880FD7F03A8\libraries\WiFiNINA\WiFiClient.cpp.o
                0x00002814                WiFiClient::peek()
 .text._ZN10WiFiClient10remotePortEv
                0x00002824       0x22 C:\Users\jonas\AppData\Local\Temp\arduino-sketch-2557EE6B9F804B4BB86B4880FD7F03A8\libraries\WiFiNINA\WiFiClient.cpp.o
                0x00002824                WiFiClient::remotePort()
 .text._ZN10WiFiClient8remoteIPEv
                0x00002846       0x20 C:\Users\jonas\AppData\Local\Temp\arduino-sketch-2557EE6B9F804B4BB86B4880FD7F03A8\libraries\WiFiNINA\WiFiClient.cpp.o
                0x00002846                WiFiClient::remoteIP()
 .text._ZN10WiFiClient5retryEPKhjb
                0x00002866       0x26 C:\Users\jonas\AppData\Local\Temp\arduino-sketch-2557EE6B9F804B4BB86B4880FD7F03A8\libraries\WiFiNINA\WiFiClient.cpp.o
                0x00002866                WiFiClient::retry(unsigned char const*, unsigned int, bool)
 .text._ZN10WiFiClientC2Ev
                0x0000288c       0x20 C:\Users\jonas\AppData\Local\Temp\arduino-sketch-2557EE6B9F804B4BB86B4880FD7F03A8\libraries\WiFiNINA\WiFiClient.cpp.o
                0x0000288c                WiFiClient::WiFiClient()
                0x0000288c                WiFiClient::WiFiClient()
 .text._ZN10WiFiClient6statusEv
                0x000028ac       0x12 C:\Users\jonas\AppData\Local\Temp\arduino-sketch-2557EE6B9F804B4BB86B4880FD7F03A8\libraries\WiFiNINA\WiFiClient.cpp.o
                0x000028ac                WiFiClient::status()
 *fill*         0x000028be        0x2 
 .text._ZN10WiFiClient4stopEv
                0x000028c0       0x3c C:\Users\jonas\AppData\Local\Temp\arduino-sketch-2557EE6B9F804B4BB86B4880FD7F03A8\libraries\WiFiNINA\WiFiClient.cpp.o
                0x000028c0                WiFiClient::stop()
 .text._ZN10WiFiClient9connectedEv
                0x000028fc       0x44 C:\Users\jonas\AppData\Local\Temp\arduino-sketch-2557EE6B9F804B4BB86B4880FD7F03A8\libraries\WiFiNINA\WiFiClient.cpp.o
                0x000028fc                WiFiClient::connected()
 .text._ZN21WiFiSocketBufferClassC2Ev
                0x00002940       0x10 C:\Users\jonas\AppData\Local\Temp\arduino-sketch-2557EE6B9F804B4BB86B4880FD7F03A8\libraries\WiFiNINA\utility\WiFiSocketBuffer.cpp.o
                0x00002940                WiFiSocketBufferClass::WiFiSocketBufferClass()
                0x00002940                WiFiSocketBufferClass::WiFiSocketBufferClass()
 .text._ZN21WiFiSocketBufferClass5closeEi
                0x00002950       0x1c C:\Users\jonas\AppData\Local\Temp\arduino-sketch-2557EE6B9F804B4BB86B4880FD7F03A8\libraries\WiFiNINA\utility\WiFiSocketBuffer.cpp.o
                0x00002950                WiFiSocketBufferClass::close(int)
 .text._ZN21WiFiSocketBufferClassD2Ev
                0x0000296c       0x18 C:\Users\jonas\AppData\Local\Temp\arduino-sketch-2557EE6B9F804B4BB86B4880FD7F03A8\libraries\WiFiNINA\utility\WiFiSocketBuffer.cpp.o
                0x0000296c                WiFiSocketBufferClass::~WiFiSocketBufferClass()
                0x0000296c                WiFiSocketBufferClass::~WiFiSocketBufferClass()
 .text._ZN21WiFiSocketBufferClass9availableEi
                0x00002984       0x58 C:\Users\jonas\AppData\Local\Temp\arduino-sketch-2557EE6B9F804B4BB86B4880FD7F03A8\libraries\WiFiNINA\utility\WiFiSocketBuffer.cpp.o
                0x00002984                WiFiSocketBufferClass::available(int)
 .text._ZN21WiFiSocketBufferClass4peekEi
                0x000029dc       0x20 C:\Users\jonas\AppData\Local\Temp\arduino-sketch-2557EE6B9F804B4BB86B4880FD7F03A8\libraries\WiFiNINA\utility\WiFiSocketBuffer.cpp.o
                0x000029dc                WiFiSocketBufferClass::peek(int)
 .text._ZN21WiFiSocketBufferClass4readEiPhj
                0x000029fc       0x38 C:\Users\jonas\AppData\Local\Temp\arduino-sketch-2557EE6B9F804B4BB86B4880FD7F03A8\libraries\WiFiNINA\utility\WiFiSocketBuffer.cpp.o
                0x000029fc                WiFiSocketBufferClass::read(int, unsigned char*, unsigned int)
 .text.startup._GLOBAL__sub_I__ZN21WiFiSocketBufferClassC2Ev
                0x00002a34       0x24 C:\Users\jonas\AppData\Local\Temp\arduino-sketch-2557EE6B9F804B4BB86B4880FD7F03A8\libraries\WiFiNINA\utility\WiFiSocketBuffer.cpp.o
 .text._ZN9ServerDrv11startClientEmthh
                0x00002a58       0x84 C:\Users\jonas\AppData\Local\Temp\arduino-sketch-2557EE6B9F804B4BB86B4880FD7F03A8\libraries\WiFiNINA\utility\server_drv.cpp.o
                0x00002a58                ServerDrv::startClient(unsigned long, unsigned short, unsigned char, unsigned char)
 .text._ZN9ServerDrv11startClientEPKchmthh
                0x00002adc       0xa8 C:\Users\jonas\AppData\Local\Temp\arduino-sketch-2557EE6B9F804B4BB86B4880FD7F03A8\libraries\WiFiNINA\utility\server_drv.cpp.o
                0x00002adc                ServerDrv::startClient(char const*, unsigned char, unsigned long, unsigned short, unsigned char, unsigned char)
 .text._ZN9ServerDrv10stopClientEh
                0x00002b84       0x68 C:\Users\jonas\AppData\Local\Temp\arduino-sketch-2557EE6B9F804B4BB86B4880FD7F03A8\libraries\WiFiNINA\utility\server_drv.cpp.o
                0x00002b84                ServerDrv::stopClient(unsigned char)
 .text._ZN9ServerDrv14getClientStateEh
                0x00002bec       0x6c C:\Users\jonas\AppData\Local\Temp\arduino-sketch-2557EE6B9F804B4BB86B4880FD7F03A8\libraries\WiFiNINA\utility\server_drv.cpp.o
                0x00002bec                ServerDrv::getClientState(unsigned char)
 .text._ZN9ServerDrv10getDataBufEhPhPt
                0x00002c58       0x78 C:\Users\jonas\AppData\Local\Temp\arduino-sketch-2557EE6B9F804B4BB86B4880FD7F03A8\libraries\WiFiNINA\utility\server_drv.cpp.o
                0x00002c58                ServerDrv::getDataBuf(unsigned char, unsigned char*, unsigned short*)
 .text._ZN9ServerDrv8sendDataEhPKht
                0x00002cd0       0x84 C:\Users\jonas\AppData\Local\Temp\arduino-sketch-2557EE6B9F804B4BB86B4880FD7F03A8\libraries\WiFiNINA\utility\server_drv.cpp.o
                0x00002cd0                ServerDrv::sendData(unsigned char, unsigned char const*, unsigned short)
 .text._ZN9ServerDrv13checkDataSentEh
                0x00002d54       0x98 C:\Users\jonas\AppData\Local\Temp\arduino-sketch-2557EE6B9F804B4BB86B4880FD7F03A8\libraries\WiFiNINA\utility\server_drv.cpp.o
                0x00002d54                ServerDrv::checkDataSent(unsigned char)
 .text._ZN9ServerDrv9getSocketEv
                0x00002dec       0x54 C:\Users\jonas\AppData\Local\Temp\arduino-sketch-2557EE6B9F804B4BB86B4880FD7F03A8\libraries\WiFiNINA\utility\server_drv.cpp.o
                0x00002dec                ServerDrv::getSocket()
 .text._ZN6SpiDrv17waitForSlaveReadyEb
                0x00002e40       0x3c C:\Users\jonas\AppData\Local\Temp\arduino-sketch-2557EE6B9F804B4BB86B4880FD7F03A8\libraries\WiFiNINA\utility\spi_drv.cpp.o
                0x00002e40                SpiDrv::waitForSlaveReady(bool)
 .text._ZN6SpiDrv9availableEv
                0x00002e7c        0xe C:\Users\jonas\AppData\Local\Temp\arduino-sketch-2557EE6B9F804B4BB86B4880FD7F03A8\libraries\WiFiNINA\utility\spi_drv.cpp.o
                0x00002e7c                SpiDrv::available()
 *fill*         0x00002e8a        0x2 
 .text._ZN6SpiDrv5beginEv
                0x00002e8c       0xb0 C:\Users\jonas\AppData\Local\Temp\arduino-sketch-2557EE6B9F804B4BB86B4880FD7F03A8\libraries\WiFiNINA\utility\spi_drv.cpp.o
                0x00002e8c                SpiDrv::begin()
 .text._ZN6SpiDrv14spiSlaveSelectEv
                0x00002f3c       0x50 C:\Users\jonas\AppData\Local\Temp\arduino-sketch-2557EE6B9F804B4BB86B4880FD7F03A8\libraries\WiFiNINA\utility\spi_drv.cpp.o
                0x00002f3c                SpiDrv::spiSlaveSelect()
 .text._ZN6SpiDrv16spiSlaveDeselectEv
                0x00002f8c       0x1c C:\Users\jonas\AppData\Local\Temp\arduino-sketch-2557EE6B9F804B4BB86B4880FD7F03A8\libraries\WiFiNINA\utility\spi_drv.cpp.o
                0x00002f8c                SpiDrv::spiSlaveDeselect()
 .text._ZN6SpiDrv11spiTransferEc
                0x00002fa8       0x18 C:\Users\jonas\AppData\Local\Temp\arduino-sketch-2557EE6B9F804B4BB86B4880FD7F03A8\libraries\WiFiNINA\utility\spi_drv.cpp.o
                0x00002fa8                SpiDrv::spiTransfer(char)
 .text._ZN6SpiDrv8getParamEPh
                0x00002fc0        0xe C:\Users\jonas\AppData\Local\Temp\arduino-sketch-2557EE6B9F804B4BB86B4880FD7F03A8\libraries\WiFiNINA\utility\spi_drv.cpp.o
                0x00002fc0                SpiDrv::getParam(unsigned char*)
 .text._ZN6SpiDrv16readAndCheckCharEcPc
                0x00002fce       0x16 C:\Users\jonas\AppData\Local\Temp\arduino-sketch-2557EE6B9F804B4BB86B4880FD7F03A8\libraries\WiFiNINA\utility\spi_drv.cpp.o
                0x00002fce                SpiDrv::readAndCheckChar(char, char*)
 .text._ZN6SpiDrv8readCharEv
                0x00002fe4       0x14 C:\Users\jonas\AppData\Local\Temp\arduino-sketch-2557EE6B9F804B4BB86B4880FD7F03A8\libraries\WiFiNINA\utility\spi_drv.cpp.o
                0x00002fe4                SpiDrv::readChar()
 .text._ZN6SpiDrv11waitSpiCharEh
                0x00002ff8       0x2c C:\Users\jonas\AppData\Local\Temp\arduino-sketch-2557EE6B9F804B4BB86B4880FD7F03A8\libraries\WiFiNINA\utility\spi_drv.cpp.o
                0x00002ff8                SpiDrv::waitSpiChar(unsigned char)
 .text._ZN6SpiDrv9sendParamEPhhh
                0x00003024       0x2c C:\Users\jonas\AppData\Local\Temp\arduino-sketch-2557EE6B9F804B4BB86B4880FD7F03A8\libraries\WiFiNINA\utility\spi_drv.cpp.o
                0x00003024                SpiDrv::sendParam(unsigned char*, unsigned char, unsigned char)
 .text._ZN6SpiDrv14sendParamLen16Et
                0x00003050       0x12 C:\Users\jonas\AppData\Local\Temp\arduino-sketch-2557EE6B9F804B4BB86B4880FD7F03A8\libraries\WiFiNINA\utility\spi_drv.cpp.o
                0x00003050                SpiDrv::sendParamLen16(unsigned short)
 .text._ZN6SpiDrv13readParamLen8EPh
                0x00003062       0x12 C:\Users\jonas\AppData\Local\Temp\arduino-sketch-2557EE6B9F804B4BB86B4880FD7F03A8\libraries\WiFiNINA\utility\spi_drv.cpp.o
                0x00003062                SpiDrv::readParamLen8(unsigned char*)
 .text._ZN6SpiDrv15waitResponseCmdEhhPhS0_
                0x00003074       0x68 C:\Users\jonas\AppData\Local\Temp\arduino-sketch-2557EE6B9F804B4BB86B4880FD7F03A8\libraries\WiFiNINA\utility\spi_drv.cpp.o
                0x00003074                SpiDrv::waitResponseCmd(unsigned char, unsigned char, unsigned char*, unsigned char*)
 .text._ZN6SpiDrv17waitResponseData8EhPhS0_
                0x000030dc       0x5e C:\Users\jonas\AppData\Local\Temp\arduino-sketch-2557EE6B9F804B4BB86B4880FD7F03A8\libraries\WiFiNINA\utility\spi_drv.cpp.o
                0x000030dc                SpiDrv::waitResponseData8(unsigned char, unsigned char*, unsigned char*)
 .text._ZN6SpiDrv18waitResponseParamsEhhP6tParam
                0x0000313a       0x94 C:\Users\jonas\AppData\Local\Temp\arduino-sketch-2557EE6B9F804B4BB86B4880FD7F03A8\libraries\WiFiNINA\utility\spi_drv.cpp.o
                0x0000313a                SpiDrv::waitResponseParams(unsigned char, unsigned char, tParam*)
 .text._ZN6SpiDrv14readParamLen16EPt
                0x000031ce       0x20 C:\Users\jonas\AppData\Local\Temp\arduino-sketch-2557EE6B9F804B4BB86B4880FD7F03A8\libraries\WiFiNINA\utility\spi_drv.cpp.o
                0x000031ce                SpiDrv::readParamLen16(unsigned short*)
 .text._ZN6SpiDrv18waitResponseData16EhPhPt
                0x000031ee       0x64 C:\Users\jonas\AppData\Local\Temp\arduino-sketch-2557EE6B9F804B4BB86B4880FD7F03A8\libraries\WiFiNINA\utility\spi_drv.cpp.o
                0x000031ee                SpiDrv::waitResponseData16(unsigned char, unsigned char*, unsigned short*)
 .text._ZN6SpiDrv10sendBufferEPhth
                0x00003252       0x2a C:\Users\jonas\AppData\Local\Temp\arduino-sketch-2557EE6B9F804B4BB86B4880FD7F03A8\libraries\WiFiNINA\utility\spi_drv.cpp.o
                0x00003252                SpiDrv::sendBuffer(unsigned char*, unsigned short, unsigned char)
 .text._ZN6SpiDrv9sendParamEth
                0x0000327c       0x24 C:\Users\jonas\AppData\Local\Temp\arduino-sketch-2557EE6B9F804B4BB86B4880FD7F03A8\libraries\WiFiNINA\utility\spi_drv.cpp.o
                0x0000327c                SpiDrv::sendParam(unsigned short, unsigned char)
 .text._ZN6SpiDrv7sendCmdEhh
                0x000032a0       0x26 C:\Users\jonas\AppData\Local\Temp\arduino-sketch-2557EE6B9F804B4BB86B4880FD7F03A8\libraries\WiFiNINA\utility\spi_drv.cpp.o
                0x000032a0                SpiDrv::sendCmd(unsigned char, unsigned char)
 *fill*         0x000032c6        0x2 
 .text._ZN7WiFiDrv14getNetworkDataEPhS0_S0_
                0x000032c8       0x9c C:\Users\jonas\AppData\Local\Temp\arduino-sketch-2557EE6B9F804B4BB86B4880FD7F03A8\libraries\WiFiNINA\utility\wifi_drv.cpp.o
                0x000032c8                WiFiDrv::getNetworkData(unsigned char*, unsigned char*, unsigned char*)
 .text._ZN7WiFiDrv13getRemoteDataEhPhS0_
                0x00003364       0x88 C:\Users\jonas\AppData\Local\Temp\arduino-sketch-2557EE6B9F804B4BB86B4880FD7F03A8\libraries\WiFiNINA\utility\wifi_drv.cpp.o
                0x00003364                WiFiDrv::getRemoteData(unsigned char, unsigned char*, unsigned char*)
 .text._ZN7WiFiDrv17wifiSetPassphraseEPKchS1_h
                0x000033ec       0x88 C:\Users\jonas\AppData\Local\Temp\arduino-sketch-2557EE6B9F804B4BB86B4880FD7F03A8\libraries\WiFiNINA\utility\wifi_drv.cpp.o
                0x000033ec                WiFiDrv::wifiSetPassphrase(char const*, unsigned char, char const*, unsigned char)
 .text._ZN7WiFiDrv19getConnectionStatusEv
                0x00003474       0x54 C:\Users\jonas\AppData\Local\Temp\arduino-sketch-2557EE6B9F804B4BB86B4880FD7F03A8\libraries\WiFiNINA\utility\wifi_drv.cpp.o
                0x00003474                WiFiDrv::getConnectionStatus()
 .text._ZN7WiFiDrv12getIpAddressERN7arduino9IPAddressE
                0x000034c8       0x28 C:\Users\jonas\AppData\Local\Temp\arduino-sketch-2557EE6B9F804B4BB86B4880FD7F03A8\libraries\WiFiNINA\utility\wifi_drv.cpp.o
                0x000034c8                WiFiDrv::getIpAddress(arduino::IPAddress&)
 .text._ZN7WiFiDrv14getCurrentSSIDEv
                0x000034f0       0x74 C:\Users\jonas\AppData\Local\Temp\arduino-sketch-2557EE6B9F804B4BB86B4880FD7F03A8\libraries\WiFiNINA\utility\wifi_drv.cpp.o
                0x000034f0                WiFiDrv::getCurrentSSID()
 .text._ZN7WiFiDrv14getCurrentRSSIEv
                0x00003564       0x68 C:\Users\jonas\AppData\Local\Temp\arduino-sketch-2557EE6B9F804B4BB86B4880FD7F03A8\libraries\WiFiNINA\utility\wifi_drv.cpp.o
                0x00003564                WiFiDrv::getCurrentRSSI()
 .text._ZN7WiFiDrv13reqHostByNameEPKc
                0x000035cc       0x88 C:\Users\jonas\AppData\Local\Temp\arduino-sketch-2557EE6B9F804B4BB86B4880FD7F03A8\libraries\WiFiNINA\utility\wifi_drv.cpp.o
                0x000035cc                WiFiDrv::reqHostByName(char const*)
 .text._ZN7WiFiDrv13getHostByNameERN7arduino9IPAddressE
                0x00003654       0x78 C:\Users\jonas\AppData\Local\Temp\arduino-sketch-2557EE6B9F804B4BB86B4880FD7F03A8\libraries\WiFiNINA\utility\wifi_drv.cpp.o
                0x00003654                WiFiDrv::getHostByName(arduino::IPAddress&)
 .text._ZN7WiFiDrv13getHostByNameEPKcRN7arduino9IPAddressE
                0x000036cc       0x18 C:\Users\jonas\AppData\Local\Temp\arduino-sketch-2557EE6B9F804B4BB86B4880FD7F03A8\libraries\WiFiNINA\utility\wifi_drv.cpp.o
                0x000036cc                WiFiDrv::getHostByName(char const*, arduino::IPAddress&)
 .text._ZN7WiFiDrv12getFwVersionEv
                0x000036e4       0x54 C:\Users\jonas\AppData\Local\Temp\arduino-sketch-2557EE6B9F804B4BB86B4880FD7F03A8\libraries\WiFiNINA\utility\wifi_drv.cpp.o
                0x000036e4                WiFiDrv::getFwVersion()
 .text._ZN7arduino7TwoWire5writeEi
                0x00003738        0xc C:\Users\jonas\AppData\Local\Temp\arduino-sketch-2557EE6B9F804B4BB86B4880FD7F03A8\libraries\Arduino_MKRENV\MKRENV.cpp.o
                0x00003738                arduino::TwoWire::write(int)
 .text._ZN8ENVClass15readIlluminanceEi
                0x00003744       0x54 C:\Users\jonas\AppData\Local\Temp\arduino-sketch-2557EE6B9F804B4BB86B4880FD7F03A8\libraries\Arduino_MKRENV\MKRENV.cpp.o
                0x00003744                ENVClass::readIlluminance(int)
 .text._ZN8ENVClass7i2cReadEhh
                0x00003798       0x56 C:\Users\jonas\AppData\Local\Temp\arduino-sketch-2557EE6B9F804B4BB86B4880FD7F03A8\libraries\Arduino_MKRENV\MKRENV.cpp.o
                0x00003798                ENVClass::i2cRead(unsigned char, unsigned char)
 .text._ZN8ENVClass9i2cRead16Ehh
                0x000037ee       0x20 C:\Users\jonas\AppData\Local\Temp\arduino-sketch-2557EE6B9F804B4BB86B4880FD7F03A8\libraries\Arduino_MKRENV\MKRENV.cpp.o
                0x000037ee                ENVClass::i2cRead16(unsigned char, unsigned char)
 .text._ZN8ENVClass8i2cWriteEhhh
                0x0000380e       0x3e C:\Users\jonas\AppData\Local\Temp\arduino-sketch-2557EE6B9F804B4BB86B4880FD7F03A8\libraries\Arduino_MKRENV\MKRENV.cpp.o
                0x0000380e                ENVClass::i2cWrite(unsigned char, unsigned char, unsigned char)
 .text._ZN8ENVClass15readTemperatureEi
                0x0000384c       0x88 C:\Users\jonas\AppData\Local\Temp\arduino-sketch-2557EE6B9F804B4BB86B4880FD7F03A8\libraries\Arduino_MKRENV\MKRENV.cpp.o
                0x0000384c                ENVClass::readTemperature(int)
 .text._ZN8ENVClass11i2cReadWordEhh
                0x000038d4       0x64 C:\Users\jonas\AppData\Local\Temp\arduino-sketch-2557EE6B9F804B4BB86B4880FD7F03A8\libraries\Arduino_MKRENV\MKRENV.cpp.o
                0x000038d4                ENVClass::i2cReadWord(unsigned char, unsigned char)
 .text._ZN8ENVClass12i2cWriteWordEhht
                0x00003938       0x44 C:\Users\jonas\AppData\Local\Temp\arduino-sketch-2557EE6B9F804B4BB86B4880FD7F03A8\libraries\Arduino_MKRENV\MKRENV.cpp.o
                0x00003938                ENVClass::i2cWriteWord(unsigned char, unsigned char, unsigned short)
 .text._ZN8ENVClass3endEv
                0x0000397c       0x38 C:\Users\jonas\AppData\Local\Temp\arduino-sketch-2557EE6B9F804B4BB86B4880FD7F03A8\libraries\Arduino_MKRENV\MKRENV.cpp.o
                0x0000397c                ENVClass::end()
 .text._ZN8ENVClass21readHTS221CalibrationEv
                0x000039b4      0x180 C:\Users\jonas\AppData\Local\Temp\arduino-sketch-2557EE6B9F804B4BB86B4880FD7F03A8\libraries\Arduino_MKRENV\MKRENV.cpp.o
                0x000039b4                ENVClass::readHTS221Calibration()
 .text._ZN8ENVClass5beginEv
                0x00003b34       0x72 C:\Users\jonas\AppData\Local\Temp\arduino-sketch-2557EE6B9F804B4BB86B4880FD7F03A8\libraries\Arduino_MKRENV\MKRENV.cpp.o
                0x00003b34                ENVClass::begin()
 *fill*         0x00003ba6        0x2 
 .text.startup._GLOBAL__sub_I__ZN8ENVClassC2ERN7arduino7TwoWireEi
                0x00003ba8       0x18 C:\Users\jonas\AppData\Local\Temp\arduino-sketch-2557EE6B9F804B4BB86B4880FD7F03A8\libraries\Arduino_MKRENV\MKRENV.cpp.o
 .text._ZN7arduino7TwoWire11requestFromEhj
                0x00003bc0        0xc C:\Users\jonas\AppData\Local\Temp\arduino-sketch-2557EE6B9F804B4BB86B4880FD7F03A8\libraries\Wire\Wire.cpp.o
                0x00003bc0                arduino::TwoWire::requestFrom(unsigned char, unsigned int)
 .text._ZN7arduino7TwoWire17beginTransmissionEh
                0x00003bcc       0x18 C:\Users\jonas\AppData\Local\Temp\arduino-sketch-2557EE6B9F804B4BB86B4880FD7F03A8\libraries\Wire\Wire.cpp.o
                0x00003bcc                arduino::TwoWire::beginTransmission(unsigned char)
 .text._ZN7arduino7TwoWire15endTransmissionEv
                0x00003be4        0xc C:\Users\jonas\AppData\Local\Temp\arduino-sketch-2557EE6B9F804B4BB86B4880FD7F03A8\libraries\Wire\Wire.cpp.o
                0x00003be4                arduino::TwoWire::endTransmission()
 .text._ZN7arduino7TwoWire5writeEPKhj
                0x00003bf0       0x24 C:\Users\jonas\AppData\Local\Temp\arduino-sketch-2557EE6B9F804B4BB86B4880FD7F03A8\libraries\Wire\Wire.cpp.o
                0x00003bf0                arduino::TwoWire::write(unsigned char const*, unsigned int)
 .text._ZN7arduino7TwoWire9availableEv
                0x00003c14        0x6 C:\Users\jonas\AppData\Local\Temp\arduino-sketch-2557EE6B9F804B4BB86B4880FD7F03A8\libraries\Wire\Wire.cpp.o
                0x00003c14                arduino::TwoWire::available()
 .text._ZN7arduino7TwoWire5flushEv
                0x00003c1a        0x2 C:\Users\jonas\AppData\Local\Temp\arduino-sketch-2557EE6B9F804B4BB86B4880FD7F03A8\libraries\Wire\Wire.cpp.o
                0x00003c1a                arduino::TwoWire::flush()
 .text._ZN7arduino7TwoWire9onReceiveEPFviE
                0x00003c1c        0x8 C:\Users\jonas\AppData\Local\Temp\arduino-sketch-2557EE6B9F804B4BB86B4880FD7F03A8\libraries\Wire\Wire.cpp.o
                0x00003c1c                arduino::TwoWire::onReceive(void (*)(int))
 .text._ZN7arduino7TwoWire9onRequestEPFvvE
                0x00003c24        0x8 C:\Users\jonas\AppData\Local\Temp\arduino-sketch-2557EE6B9F804B4BB86B4880FD7F03A8\libraries\Wire\Wire.cpp.o
                0x00003c24                arduino::TwoWire::onRequest(void (*)())
 .text._ZN7arduino7TwoWire4peekEv
                0x00003c2c       0x18 C:\Users\jonas\AppData\Local\Temp\arduino-sketch-2557EE6B9F804B4BB86B4880FD7F03A8\libraries\Wire\Wire.cpp.o
                0x00003c2c                arduino::TwoWire::peek()
 .text._ZN7arduino7TwoWire5beginEv
                0x00003c44       0x40 C:\Users\jonas\AppData\Local\Temp\arduino-sketch-2557EE6B9F804B4BB86B4880FD7F03A8\libraries\Wire\Wire.cpp.o
                0x00003c44                arduino::TwoWire::begin()
 .text._ZN7arduino7TwoWire8setClockEm
                0x00003c84       0x1c C:\Users\jonas\AppData\Local\Temp\arduino-sketch-2557EE6B9F804B4BB86B4880FD7F03A8\libraries\Wire\Wire.cpp.o
                0x00003c84                arduino::TwoWire::setClock(unsigned long)
 .text._ZN7arduino7TwoWire3endEv
                0x00003ca0        0xa C:\Users\jonas\AppData\Local\Temp\arduino-sketch-2557EE6B9F804B4BB86B4880FD7F03A8\libraries\Wire\Wire.cpp.o
                0x00003ca0                arduino::TwoWire::end()
 *fill*         0x00003caa        0x2 
 .text._ZN7arduino7TwoWireC2EP6SERCOMhh
                0x00003cac       0x64 C:\Users\jonas\AppData\Local\Temp\arduino-sketch-2557EE6B9F804B4BB86B4880FD7F03A8\libraries\Wire\Wire.cpp.o
                0x00003cac                arduino::TwoWire::TwoWire(SERCOM*, unsigned char, unsigned char)
                0x00003cac                arduino::TwoWire::TwoWire(SERCOM*, unsigned char, unsigned char)
 .text._ZN7arduino7TwoWire5beginEhb
                0x00003d10       0x38 C:\Users\jonas\AppData\Local\Temp\arduino-sketch-2557EE6B9F804B4BB86B4880FD7F03A8\libraries\Wire\Wire.cpp.o
                0x00003d10                arduino::TwoWire::begin(unsigned char, bool)
 .text._ZN7arduino7TwoWire5beginEh
                0x00003d48        0xa C:\Users\jonas\AppData\Local\Temp\arduino-sketch-2557EE6B9F804B4BB86B4880FD7F03A8\libraries\Wire\Wire.cpp.o
                0x00003d48                arduino::TwoWire::begin(unsigned char)
 .text._ZN7arduino11RingBufferNILi256EE10store_charEh
                0x00003d52       0x24 C:\Users\jonas\AppData\Local\Temp\arduino-sketch-2557EE6B9F804B4BB86B4880FD7F03A8\libraries\Wire\Wire.cpp.o
                0x00003d52                arduino::RingBufferN<256>::store_char(unsigned char)
 .text._ZN7arduino7TwoWire11requestFromEhjb
                0x00003d76       0x90 C:\Users\jonas\AppData\Local\Temp\arduino-sketch-2557EE6B9F804B4BB86B4880FD7F03A8\libraries\Wire\Wire.cpp.o
                0x00003d76                arduino::TwoWire::requestFrom(unsigned char, unsigned int, bool)
 .text._ZN7arduino7TwoWire5writeEh
                0x00003e06       0x28 C:\Users\jonas\AppData\Local\Temp\arduino-sketch-2557EE6B9F804B4BB86B4880FD7F03A8\libraries\Wire\Wire.cpp.o
                0x00003e06                arduino::TwoWire::write(unsigned char)
 .text._ZN7arduino11RingBufferNILi256EE9read_charEv
                0x00003e2e       0x24 C:\Users\jonas\AppData\Local\Temp\arduino-sketch-2557EE6B9F804B4BB86B4880FD7F03A8\libraries\Wire\Wire.cpp.o
                0x00003e2e                arduino::RingBufferN<256>::read_char()
 .text._ZN7arduino7TwoWire15endTransmissionEb
                0x00003e52       0x66 C:\Users\jonas\AppData\Local\Temp\arduino-sketch-2557EE6B9F804B4BB86B4880FD7F03A8\libraries\Wire\Wire.cpp.o
                0x00003e52                arduino::TwoWire::endTransmission(bool)
 .text._ZN7arduino7TwoWire4readEv
                0x00003eb8        0xa C:\Users\jonas\AppData\Local\Temp\arduino-sketch-2557EE6B9F804B4BB86B4880FD7F03A8\libraries\Wire\Wire.cpp.o
                0x00003eb8                arduino::TwoWire::read()
 .text._ZN7arduino7TwoWire9onServiceEv
                0x00003ec2      0x114 C:\Users\jonas\AppData\Local\Temp\arduino-sketch-2557EE6B9F804B4BB86B4880FD7F03A8\libraries\Wire\Wire.cpp.o
                0x00003ec2                arduino::TwoWire::onService()
 *fill*         0x00003fd6        0x2 
 .text.SERCOM2_Handler
                0x00003fd8       0x10 C:\Users\jonas\AppData\Local\Temp\arduino-sketch-2557EE6B9F804B4BB86B4880FD7F03A8\libraries\Wire\Wire.cpp.o
                0x00003fd8                SERCOM2_Handler
 .text.startup._GLOBAL__sub_I__ZN7arduino7TwoWireC2EP6SERCOMhh
                0x00003fe8       0x18 C:\Users\jonas\AppData\Local\Temp\arduino-sketch-2557EE6B9F804B4BB86B4880FD7F03A8\libraries\Wire\Wire.cpp.o
 .text._ZN12SPIClassSAMD8transferEPvj
                0x00004000       0x1e C:\Users\jonas\AppData\Local\Temp\arduino-sketch-2557EE6B9F804B4BB86B4880FD7F03A8\libraries\SPI\SPI.cpp.o
                0x00004000                SPIClassSAMD::transfer(void*, unsigned int)
 .text._ZN12SPIClassSAMD15attachInterruptEv
                0x0000401e        0x2 C:\Users\jonas\AppData\Local\Temp\arduino-sketch-2557EE6B9F804B4BB86B4880FD7F03A8\libraries\SPI\SPI.cpp.o
                0x0000401e                SPIClassSAMD::detachInterrupt()
                0x0000401e                SPIClassSAMD::attachInterrupt()
 .text._ZN12SPIClassSAMDD2Ev
                0x00004020        0x2 C:\Users\jonas\AppData\Local\Temp\arduino-sketch-2557EE6B9F804B4BB86B4880FD7F03A8\libraries\SPI\SPI.cpp.o
                0x00004020                SPIClassSAMD::~SPIClassSAMD()
                0x00004020                SPIClassSAMD::~SPIClassSAMD()
 .text._ZN12SPIClassSAMD3endEv
                0x00004022       0x10 C:\Users\jonas\AppData\Local\Temp\arduino-sketch-2557EE6B9F804B4BB86B4880FD7F03A8\libraries\SPI\SPI.cpp.o
                0x00004022                SPIClassSAMD::end()
 .text._ZN12SPIClassSAMD8transferEh
                0x00004032        0xa C:\Users\jonas\AppData\Local\Temp\arduino-sketch-2557EE6B9F804B4BB86B4880FD7F03A8\libraries\SPI\SPI.cpp.o
                0x00004032                SPIClassSAMD::transfer(unsigned char)
 .text._ZN12SPIClassSAMD10transfer16Et
                0x0000403c       0x58 C:\Users\jonas\AppData\Local\Temp\arduino-sketch-2557EE6B9F804B4BB86B4880FD7F03A8\libraries\SPI\SPI.cpp.o
                0x0000403c                SPIClassSAMD::transfer16(unsigned short)
 .text._ZN12SPIClassSAMDD0Ev
                0x00004094        0xc C:\Users\jonas\AppData\Local\Temp\arduino-sketch-2557EE6B9F804B4BB86B4880FD7F03A8\libraries\SPI\SPI.cpp.o
                0x00004094                SPIClassSAMD::~SPIClassSAMD()
 .text._ZN12SPIClassSAMD14usingInterruptEi
                0x000040a0       0x44 C:\Users\jonas\AppData\Local\Temp\arduino-sketch-2557EE6B9F804B4BB86B4880FD7F03A8\libraries\SPI\SPI.cpp.o
                0x000040a0                SPIClassSAMD::usingInterrupt(int)
 .text._ZN12SPIClassSAMD17notUsingInterruptEi
                0x000040e4       0x3c C:\Users\jonas\AppData\Local\Temp\arduino-sketch-2557EE6B9F804B4BB86B4880FD7F03A8\libraries\SPI\SPI.cpp.o
                0x000040e4                SPIClassSAMD::notUsingInterrupt(int)
 .text._ZN12SPIClassSAMD14endTransactionEv
                0x00004120       0x28 C:\Users\jonas\AppData\Local\Temp\arduino-sketch-2557EE6B9F804B4BB86B4880FD7F03A8\libraries\SPI\SPI.cpp.o
                0x00004120                SPIClassSAMD::endTransaction()
 .text._ZN12SPIClassSAMD4initEv
                0x00004148       0x12 C:\Users\jonas\AppData\Local\Temp\arduino-sketch-2557EE6B9F804B4BB86B4880FD7F03A8\libraries\SPI\SPI.cpp.o
                0x00004148                SPIClassSAMD::init()
 *fill*         0x0000415a        0x2 
 .text._ZN12SPIClassSAMD6configEN7arduino11SPISettingsE
                0x0000415c       0x74 C:\Users\jonas\AppData\Local\Temp\arduino-sketch-2557EE6B9F804B4BB86B4880FD7F03A8\libraries\SPI\SPI.cpp.o
                0x0000415c                SPIClassSAMD::config(arduino::SPISettings)
 .text._ZN12SPIClassSAMD5beginEv
                0x000041d0       0x50 C:\Users\jonas\AppData\Local\Temp\arduino-sketch-2557EE6B9F804B4BB86B4880FD7F03A8\libraries\SPI\SPI.cpp.o
                0x000041d0                SPIClassSAMD::begin()
 .text._ZN12SPIClassSAMD16beginTransactionEN7arduino11SPISettingsE
                0x00004220       0x38 C:\Users\jonas\AppData\Local\Temp\arduino-sketch-2557EE6B9F804B4BB86B4880FD7F03A8\libraries\SPI\SPI.cpp.o
                0x00004220                SPIClassSAMD::beginTransaction(arduino::SPISettings)
 .text.startup._GLOBAL__sub_I__ZN12SPIClassSAMDC2EP6SERCOMhhh14SercomSpiTXPad11SercomRXPad
                0x00004258       0x98 C:\Users\jonas\AppData\Local\Temp\arduino-sketch-2557EE6B9F804B4BB86B4880FD7F03A8\libraries\SPI\SPI.cpp.o
 .text.PINCOUNT_fn
                0x000042f0        0x4 C:\Users\jonas\AppData\Local\Temp\arduino-sketch-2557EE6B9F804B4BB86B4880FD7F03A8\core\variant.cpp.o
                0x000042f0                PINCOUNT_fn
 .text.initVariant
                0x000042f4       0xf8 C:\Users\jonas\AppData\Local\Temp\arduino-sketch-2557EE6B9F804B4BB86B4880FD7F03A8\core\variant.cpp.o
                0x000042f4                initVariant
 .text.SERCOM5_Handler
                0x000043ec       0x10 C:\Users\jonas\AppData\Local\Temp\arduino-sketch-2557EE6B9F804B4BB86B4880FD7F03A8\core\variant.cpp.o
                0x000043ec                SERCOM5_Handler
 .text.SERCOM4_Handler
                0x000043fc       0x10 C:\Users\jonas\AppData\Local\Temp\arduino-sketch-2557EE6B9F804B4BB86B4880FD7F03A8\core\variant.cpp.o
                0x000043fc                SERCOM4_Handler
 .text.startup._GLOBAL__sub_I_g_APinDescription
                0x0000440c       0xa0 C:\Users\jonas\AppData\Local\Temp\arduino-sketch-2557EE6B9F804B4BB86B4880FD7F03A8\core\variant.cpp.o
 .text.Dummy_Handler
                0x000044ac        0x2 C:\Users\jonas\AppData\Local\Temp\arduino-sketch-2557EE6B9F804B4BB86B4880FD7F03A8/..\arduino-core-cache\core_arduino_samd_mkrwifi1010_beae6a75c7b1005045df6c1c726f976d.a(cortex_handlers.c.o)
                0x000044ac                DMAC_Handler
                0x000044ac                HardFault_Handler
                0x000044ac                AC_Handler
                0x000044ac                PendSV_Handler
                0x000044ac                NMI_Handler
                0x000044ac                TC7_Handler
                0x000044ac                SERCOM1_Handler
                0x000044ac                ADC_Handler
                0x000044ac                TCC1_Handler
                0x000044ac                TCC0_Handler
                0x000044ac                RTC_Handler
                0x000044ac                EIC_Handler
                0x000044ac                TC6_Handler
                0x000044ac                WDT_Handler
                0x000044ac                TC4_Handler
                0x000044ac                TC3_Handler
                0x000044ac                Dummy_Handler
                0x000044ac                PM_Handler
                0x000044ac                SVC_Handler
                0x000044ac                TCC2_Handler
                0x000044ac                EVSYS_Handler
                0x000044ac                SERCOM3_Handler
                0x000044ac                I2S_Handler
                0x000044ac                NVMCTRL_Handler
                0x000044ac                SERCOM0_Handler
                0x000044ac                DAC_Handler
                0x000044ac                PTC_Handler
                0x000044ac                SYSCTRL_Handler
 *fill*         0x000044ae        0x2 
 .text.USB_Handler
                0x000044b0       0x14 C:\Users\jonas\AppData\Local\Temp\arduino-sketch-2557EE6B9F804B4BB86B4880FD7F03A8/..\arduino-core-cache\core_arduino_samd_mkrwifi1010_beae6a75c7b1005045df6c1c726f976d.a(cortex_handlers.c.o)
                0x000044b0                USB_Handler
 .text.Reset_Handler
                0x000044c4       0x54 C:\Users\jonas\AppData\Local\Temp\arduino-sketch-2557EE6B9F804B4BB86B4880FD7F03A8/..\arduino-core-cache\core_arduino_samd_mkrwifi1010_beae6a75c7b1005045df6c1c726f976d.a(cortex_handlers.c.o)
                0x000044c4                Reset_Handler
 .text.SysTick_Handler
                0x00004518       0x10 C:\Users\jonas\AppData\Local\Temp\arduino-sketch-2557EE6B9F804B4BB86B4880FD7F03A8/..\arduino-core-cache\core_arduino_samd_mkrwifi1010_beae6a75c7b1005045df6c1c726f976d.a(cortex_handlers.c.o)
                0x00004518                SysTick_Handler
 .text.USB_SetHandler
                0x00004528        0xc C:\Users\jonas\AppData\Local\Temp\arduino-sketch-2557EE6B9F804B4BB86B4880FD7F03A8/..\arduino-core-cache\core_arduino_samd_mkrwifi1010_beae6a75c7b1005045df6c1c726f976d.a(cortex_handlers.c.o)
                0x00004528                USB_SetHandler
 .text.millis   0x00004534        0xc C:\Users\jonas\AppData\Local\Temp\arduino-sketch-2557EE6B9F804B4BB86B4880FD7F03A8/..\arduino-core-cache\core_arduino_samd_mkrwifi1010_beae6a75c7b1005045df6c1c726f976d.a(delay.c.o)
                0x00004534                millis
 .text.micros   0x00004540       0x60 C:\Users\jonas\AppData\Local\Temp\arduino-sketch-2557EE6B9F804B4BB86B4880FD7F03A8/..\arduino-core-cache\core_arduino_samd_mkrwifi1010_beae6a75c7b1005045df6c1c726f976d.a(delay.c.o)
                0x00004540                micros
 .text.delay    0x000045a0       0x30 C:\Users\jonas\AppData\Local\Temp\arduino-sketch-2557EE6B9F804B4BB86B4880FD7F03A8/..\arduino-core-cache\core_arduino_samd_mkrwifi1010_beae6a75c7b1005045df6c1c726f976d.a(delay.c.o)
                0x000045a0                delay
 .text.resetExternalChip
                0x000045d0        0x2 C:\Users\jonas\AppData\Local\Temp\arduino-sketch-2557EE6B9F804B4BB86B4880FD7F03A8/..\arduino-core-cache\core_arduino_samd_mkrwifi1010_beae6a75c7b1005045df6c1c726f976d.a(delay.c.o)
                0x000045d0                resetExternalChip
 *fill*         0x000045d2        0x2 
 .text.SysTick_DefaultHandler
                0x000045d4       0x14 C:\Users\jonas\AppData\Local\Temp\arduino-sketch-2557EE6B9F804B4BB86B4880FD7F03A8/..\arduino-core-cache\core_arduino_samd_mkrwifi1010_beae6a75c7b1005045df6c1c726f976d.a(delay.c.o)
                0x000045d4                SysTick_DefaultHandler
 .text.__empty  0x000045e8        0x2 C:\Users\jonas\AppData\Local\Temp\arduino-sketch-2557EE6B9F804B4BB86B4880FD7F03A8/..\arduino-core-cache\core_arduino_samd_mkrwifi1010_beae6a75c7b1005045df6c1c726f976d.a(hooks.c.o)
                0x000045e8                yield
 .text.__false  0x000045ea        0x4 C:\Users\jonas\AppData\Local\Temp\arduino-sketch-2557EE6B9F804B4BB86B4880FD7F03A8/..\arduino-core-cache\core_arduino_samd_mkrwifi1010_beae6a75c7b1005045df6c1c726f976d.a(hooks.c.o)
                0x000045ea                sysTickHook
 .text.ltoa     0x000045ee       0x72 C:\Users\jonas\AppData\Local\Temp\arduino-sketch-2557EE6B9F804B4BB86B4880FD7F03A8/..\arduino-core-cache\core_arduino_samd_mkrwifi1010_beae6a75c7b1005045df6c1c726f976d.a(itoa.c.o)
                0x000045ee                ltoa
 .text.itoa     0x00004660        0x8 C:\Users\jonas\AppData\Local\Temp\arduino-sketch-2557EE6B9F804B4BB86B4880FD7F03A8/..\arduino-core-cache\core_arduino_samd_mkrwifi1010_beae6a75c7b1005045df6c1c726f976d.a(itoa.c.o)
                0x00004660                itoa
 .text.SystemInit
                0x00004668      0x160 C:\Users\jonas\AppData\Local\Temp\arduino-sketch-2557EE6B9F804B4BB86B4880FD7F03A8/..\arduino-core-cache\core_arduino_samd_mkrwifi1010_beae6a75c7b1005045df6c1c726f976d.a(startup.c.o)
                0x00004668                SystemInit
 .text.init     0x000047c8       0xf0 C:\Users\jonas\AppData\Local\Temp\arduino-sketch-2557EE6B9F804B4BB86B4880FD7F03A8/..\arduino-core-cache\core_arduino_samd_mkrwifi1010_beae6a75c7b1005045df6c1c726f976d.a(wiring.c.o)
                0x000047c8                init
 .text.mapResolution
                0x000048b8       0x12 C:\Users\jonas\AppData\Local\Temp\arduino-sketch-2557EE6B9F804B4BB86B4880FD7F03A8/..\arduino-core-cache\core_arduino_samd_mkrwifi1010_beae6a75c7b1005045df6c1c726f976d.a(wiring_analog.c.o)
 *fill*         0x000048ca        0x2 
 .text.analogReference
                0x000048cc       0x64 C:\Users\jonas\AppData\Local\Temp\arduino-sketch-2557EE6B9F804B4BB86B4880FD7F03A8/..\arduino-core-cache\core_arduino_samd_mkrwifi1010_beae6a75c7b1005045df6c1c726f976d.a(wiring_analog.c.o)
                0x000048cc                analogReference
 .text.analogRead
                0x00004930       0xdc C:\Users\jonas\AppData\Local\Temp\arduino-sketch-2557EE6B9F804B4BB86B4880FD7F03A8/..\arduino-core-cache\core_arduino_samd_mkrwifi1010_beae6a75c7b1005045df6c1c726f976d.a(wiring_analog.c.o)
                0x00004930                analogRead
 .text.pinMode  0x00004a0c       0x98 C:\Users\jonas\AppData\Local\Temp\arduino-sketch-2557EE6B9F804B4BB86B4880FD7F03A8/..\arduino-core-cache\core_arduino_samd_mkrwifi1010_beae6a75c7b1005045df6c1c726f976d.a(wiring_digital.c.o)
                0x00004a0c                pinMode
 .text.digitalWrite
                0x00004aa4       0x58 C:\Users\jonas\AppData\Local\Temp\arduino-sketch-2557EE6B9F804B4BB86B4880FD7F03A8/..\arduino-core-cache\core_arduino_samd_mkrwifi1010_beae6a75c7b1005045df6c1c726f976d.a(wiring_digital.c.o)
                0x00004aa4                digitalWrite
 .text.digitalRead
                0x00004afc       0x30 C:\Users\jonas\AppData\Local\Temp\arduino-sketch-2557EE6B9F804B4BB86B4880FD7F03A8/..\arduino-core-cache\core_arduino_samd_mkrwifi1010_beae6a75c7b1005045df6c1c726f976d.a(wiring_digital.c.o)
                0x00004afc                digitalRead
 .text.pinPeripheral
                0x00004b2c       0xc0 C:\Users\jonas\AppData\Local\Temp\arduino-sketch-2557EE6B9F804B4BB86B4880FD7F03A8/..\arduino-core-cache\core_arduino_samd_mkrwifi1010_beae6a75c7b1005045df6c1c726f976d.a(wiring_private.c.o)
                0x00004b2c                pinPeripheral
 .text.initiateReset
                0x00004bec       0x14 C:\Users\jonas\AppData\Local\Temp\arduino-sketch-2557EE6B9F804B4BB86B4880FD7F03A8/..\arduino-core-cache\core_arduino_samd_mkrwifi1010_beae6a75c7b1005045df6c1c726f976d.a(Reset.cpp.o)
                0x00004bec                initiateReset
 .text.cancelReset
                0x00004c00       0x10 C:\Users\jonas\AppData\Local\Temp\arduino-sketch-2557EE6B9F804B4BB86B4880FD7F03A8/..\arduino-core-cache\core_arduino_samd_mkrwifi1010_beae6a75c7b1005045df6c1c726f976d.a(Reset.cpp.o)
                0x00004c00                cancelReset
 .text.tickReset
                0x00004c10       0x78 C:\Users\jonas\AppData\Local\Temp\arduino-sketch-2557EE6B9F804B4BB86B4880FD7F03A8/..\arduino-core-cache\core_arduino_samd_mkrwifi1010_beae6a75c7b1005045df6c1c726f976d.a(Reset.cpp.o)
                0x00004c10                tickReset
 .text._ZN6SERCOMC2EP6Sercom
                0x00004c88        0x4 C:\Users\jonas\AppData\Local\Temp\arduino-sketch-2557EE6B9F804B4BB86B4880FD7F03A8/..\arduino-core-cache\core_arduino_samd_mkrwifi1010_beae6a75c7b1005045df6c1c726f976d.a(SERCOM.cpp.o)
                0x00004c88                SERCOM::SERCOM(Sercom*)
                0x00004c88                SERCOM::SERCOM(Sercom*)
 .text._ZN6SERCOM9initFrameE18SercomUartCharSize15SercomDataOrder16SercomParityMode19SercomNumberStopBit
                0x00004c8c       0x3a C:\Users\jonas\AppData\Local\Temp\arduino-sketch-2557EE6B9F804B4BB86B4880FD7F03A8/..\arduino-core-cache\core_arduino_samd_mkrwifi1010_beae6a75c7b1005045df6c1c726f976d.a(SERCOM.cpp.o)
                0x00004c8c                SERCOM::initFrame(SercomUartCharSize, SercomDataOrder, SercomParityMode, SercomNumberStopBit)
 .text._ZN6SERCOM8initPadsE15SercomUartTXPad11SercomRXPad
                0x00004cc6       0x26 C:\Users\jonas\AppData\Local\Temp\arduino-sketch-2557EE6B9F804B4BB86B4880FD7F03A8/..\arduino-core-cache\core_arduino_samd_mkrwifi1010_beae6a75c7b1005045df6c1c726f976d.a(SERCOM.cpp.o)
                0x00004cc6                SERCOM::initPads(SercomUartTXPad, SercomRXPad)
 .text._ZN6SERCOM9resetUARTEv
                0x00004cec       0x1a C:\Users\jonas\AppData\Local\Temp\arduino-sketch-2557EE6B9F804B4BB86B4880FD7F03A8/..\arduino-core-cache\core_arduino_samd_mkrwifi1010_beae6a75c7b1005045df6c1c726f976d.a(SERCOM.cpp.o)
                0x00004cec                SERCOM::resetUART()
 .text._ZN6SERCOM10enableUARTEv
                0x00004d06       0x14 C:\Users\jonas\AppData\Local\Temp\arduino-sketch-2557EE6B9F804B4BB86B4880FD7F03A8/..\arduino-core-cache\core_arduino_samd_mkrwifi1010_beae6a75c7b1005045df6c1c726f976d.a(SERCOM.cpp.o)
                0x00004d06                SERCOM::enableUART()
 .text._ZN6SERCOM9flushUARTEv
                0x00004d1a        0xa C:\Users\jonas\AppData\Local\Temp\arduino-sketch-2557EE6B9F804B4BB86B4880FD7F03A8/..\arduino-core-cache\core_arduino_samd_mkrwifi1010_beae6a75c7b1005045df6c1c726f976d.a(SERCOM.cpp.o)
                0x00004d1a                SERCOM::flushUART()
 .text._ZN6SERCOM15clearStatusUARTEv
                0x00004d24        0x8 C:\Users\jonas\AppData\Local\Temp\arduino-sketch-2557EE6B9F804B4BB86B4880FD7F03A8/..\arduino-core-cache\core_arduino_samd_mkrwifi1010_beae6a75c7b1005045df6c1c726f976d.a(SERCOM.cpp.o)
                0x00004d24                SERCOM::clearStatusUART()
 .text._ZN6SERCOM17availableDataUARTEv
                0x00004d2c        0xa C:\Users\jonas\AppData\Local\Temp\arduino-sketch-2557EE6B9F804B4BB86B4880FD7F03A8/..\arduino-core-cache\core_arduino_samd_mkrwifi1010_beae6a75c7b1005045df6c1c726f976d.a(SERCOM.cpp.o)
                0x00004d2c                SERCOM::availableDataUART()
 .text._ZN6SERCOM11isUARTErrorEv
                0x00004d36        0x8 C:\Users\jonas\AppData\Local\Temp\arduino-sketch-2557EE6B9F804B4BB86B4880FD7F03A8/..\arduino-core-cache\core_arduino_samd_mkrwifi1010_beae6a75c7b1005045df6c1c726f976d.a(SERCOM.cpp.o)
                0x00004d36                SERCOM::isUARTError()
 .text._ZN6SERCOM20acknowledgeUARTErrorEv
                0x00004d3e        0xe C:\Users\jonas\AppData\Local\Temp\arduino-sketch-2557EE6B9F804B4BB86B4880FD7F03A8/..\arduino-core-cache\core_arduino_samd_mkrwifi1010_beae6a75c7b1005045df6c1c726f976d.a(SERCOM.cpp.o)
                0x00004d3e                SERCOM::acknowledgeUARTError()
 .text._ZN6SERCOM16isFrameErrorUARTEv
                0x00004d4c        0xa C:\Users\jonas\AppData\Local\Temp\arduino-sketch-2557EE6B9F804B4BB86B4880FD7F03A8/..\arduino-core-cache\core_arduino_samd_mkrwifi1010_beae6a75c7b1005045df6c1c726f976d.a(SERCOM.cpp.o)
                0x00004d4c                SERCOM::isFrameErrorUART()
 .text._ZN6SERCOM19clearFrameErrorUARTEv
                0x00004d56        0xc C:\Users\jonas\AppData\Local\Temp\arduino-sketch-2557EE6B9F804B4BB86B4880FD7F03A8/..\arduino-core-cache\core_arduino_samd_mkrwifi1010_beae6a75c7b1005045df6c1c726f976d.a(SERCOM.cpp.o)
                0x00004d56                SERCOM::clearFrameErrorUART()
 .text._ZN6SERCOM23isDataRegisterEmptyUARTEv
                0x00004d62        0xa C:\Users\jonas\AppData\Local\Temp\arduino-sketch-2557EE6B9F804B4BB86B4880FD7F03A8/..\arduino-core-cache\core_arduino_samd_mkrwifi1010_beae6a75c7b1005045df6c1c726f976d.a(SERCOM.cpp.o)
                0x00004d62                SERCOM::isDataRegisterEmptyUART()
 .text._ZN6SERCOM12readDataUARTEv
                0x00004d6c        0x8 C:\Users\jonas\AppData\Local\Temp\arduino-sketch-2557EE6B9F804B4BB86B4880FD7F03A8/..\arduino-core-cache\core_arduino_samd_mkrwifi1010_beae6a75c7b1005045df6c1c726f976d.a(SERCOM.cpp.o)
                0x00004d6c                SERCOM::readDataUART()
 .text._ZN6SERCOM13writeDataUARTEh
                0x00004d74       0x10 C:\Users\jonas\AppData\Local\Temp\arduino-sketch-2557EE6B9F804B4BB86B4880FD7F03A8/..\arduino-core-cache\core_arduino_samd_mkrwifi1010_beae6a75c7b1005045df6c1c726f976d.a(SERCOM.cpp.o)
                0x00004d74                SERCOM::writeDataUART(unsigned char)
 .text._ZN6SERCOM36enableDataRegisterEmptyInterruptUARTEv
                0x00004d84        0x8 C:\Users\jonas\AppData\Local\Temp\arduino-sketch-2557EE6B9F804B4BB86B4880FD7F03A8/..\arduino-core-cache\core_arduino_samd_mkrwifi1010_beae6a75c7b1005045df6c1c726f976d.a(SERCOM.cpp.o)
                0x00004d84                SERCOM::enableDataRegisterEmptyInterruptUART()
 .text._ZN6SERCOM37disableDataRegisterEmptyInterruptUARTEv
                0x00004d8c        0x8 C:\Users\jonas\AppData\Local\Temp\arduino-sketch-2557EE6B9F804B4BB86B4880FD7F03A8/..\arduino-core-cache\core_arduino_samd_mkrwifi1010_beae6a75c7b1005045df6c1c726f976d.a(SERCOM.cpp.o)
                0x00004d8c                SERCOM::disableDataRegisterEmptyInterruptUART()
 .text._ZN6SERCOM12initSPIClockE18SercomSpiClockModem
                0x00004d94       0x30 C:\Users\jonas\AppData\Local\Temp\arduino-sketch-2557EE6B9F804B4BB86B4880FD7F03A8/..\arduino-core-cache\core_arduino_samd_mkrwifi1010_beae6a75c7b1005045df6c1c726f976d.a(SERCOM.cpp.o)
                0x00004d94                SERCOM::initSPIClock(SercomSpiClockMode, unsigned long)
 .text._ZN6SERCOM8resetSPIEv
                0x00004dc4       0x1a C:\Users\jonas\AppData\Local\Temp\arduino-sketch-2557EE6B9F804B4BB86B4880FD7F03A8/..\arduino-core-cache\core_arduino_samd_mkrwifi1010_beae6a75c7b1005045df6c1c726f976d.a(SERCOM.cpp.o)
                0x00004dc4                SERCOM::resetSPI()
 .text._ZN6SERCOM9enableSPIEv
                0x00004dde       0x14 C:\Users\jonas\AppData\Local\Temp\arduino-sketch-2557EE6B9F804B4BB86B4880FD7F03A8/..\arduino-core-cache\core_arduino_samd_mkrwifi1010_beae6a75c7b1005045df6c1c726f976d.a(SERCOM.cpp.o)
                0x00004dde                SERCOM::enableSPI()
 .text._ZN6SERCOM10disableSPIEv
                0x00004df2       0x12 C:\Users\jonas\AppData\Local\Temp\arduino-sketch-2557EE6B9F804B4BB86B4880FD7F03A8/..\arduino-core-cache\core_arduino_samd_mkrwifi1010_beae6a75c7b1005045df6c1c726f976d.a(SERCOM.cpp.o)
                0x00004df2                SERCOM::disableSPI()
 .text._ZN6SERCOM15getDataOrderSPIEv
                0x00004e04        0xa C:\Users\jonas\AppData\Local\Temp\arduino-sketch-2557EE6B9F804B4BB86B4880FD7F03A8/..\arduino-core-cache\core_arduino_samd_mkrwifi1010_beae6a75c7b1005045df6c1c726f976d.a(SERCOM.cpp.o)
                0x00004e04                SERCOM::getDataOrderSPI()
 .text._ZN6SERCOM15transferDataSPIEh
                0x00004e0e       0x1a C:\Users\jonas\AppData\Local\Temp\arduino-sketch-2557EE6B9F804B4BB86B4880FD7F03A8/..\arduino-core-cache\core_arduino_samd_mkrwifi1010_beae6a75c7b1005045df6c1c726f976d.a(SERCOM.cpp.o)
                0x00004e0e                SERCOM::transferDataSPI(unsigned char)
 .text._ZN6SERCOM9resetWIREEv
                0x00004e28       0x1a C:\Users\jonas\AppData\Local\Temp\arduino-sketch-2557EE6B9F804B4BB86B4880FD7F03A8/..\arduino-core-cache\core_arduino_samd_mkrwifi1010_beae6a75c7b1005045df6c1c726f976d.a(SERCOM.cpp.o)
                0x00004e28                SERCOM::resetWIRE()
 .text._ZN6SERCOM10enableWIREEv
                0x00004e42       0x2a C:\Users\jonas\AppData\Local\Temp\arduino-sketch-2557EE6B9F804B4BB86B4880FD7F03A8/..\arduino-core-cache\core_arduino_samd_mkrwifi1010_beae6a75c7b1005045df6c1c726f976d.a(SERCOM.cpp.o)
                0x00004e42                SERCOM::enableWIRE()
 .text._ZN6SERCOM11disableWIREEv
                0x00004e6c       0x14 C:\Users\jonas\AppData\Local\Temp\arduino-sketch-2557EE6B9F804B4BB86B4880FD7F03A8/..\arduino-core-cache\core_arduino_samd_mkrwifi1010_beae6a75c7b1005045df6c1c726f976d.a(SERCOM.cpp.o)
                0x00004e6c                SERCOM::disableWIRE()
 .text._ZN6SERCOM18prepareNackBitWIREEv
                0x00004e80       0x10 C:\Users\jonas\AppData\Local\Temp\arduino-sketch-2557EE6B9F804B4BB86B4880FD7F03A8/..\arduino-core-cache\core_arduino_samd_mkrwifi1010_beae6a75c7b1005045df6c1c726f976d.a(SERCOM.cpp.o)
                0x00004e80                SERCOM::prepareNackBitWIRE()
 .text._ZN6SERCOM17prepareAckBitWIREEv
                0x00004e90       0x14 C:\Users\jonas\AppData\Local\Temp\arduino-sketch-2557EE6B9F804B4BB86B4880FD7F03A8/..\arduino-core-cache\core_arduino_samd_mkrwifi1010_beae6a75c7b1005045df6c1c726f976d.a(SERCOM.cpp.o)
                0x00004e90                SERCOM::prepareAckBitWIRE()
 .text._ZN6SERCOM22prepareCommandBitsWireEh
                0x00004ea4       0x2c C:\Users\jonas\AppData\Local\Temp\arduino-sketch-2557EE6B9F804B4BB86B4880FD7F03A8/..\arduino-core-cache\core_arduino_samd_mkrwifi1010_beae6a75c7b1005045df6c1c726f976d.a(SERCOM.cpp.o)
                0x00004ea4                SERCOM::prepareCommandBitsWire(unsigned char)
 .text._ZN6SERCOM21startTransmissionWIREEh23SercomWireReadWriteFlag
                0x00004ed0       0x84 C:\Users\jonas\AppData\Local\Temp\arduino-sketch-2557EE6B9F804B4BB86B4880FD7F03A8/..\arduino-core-cache\core_arduino_samd_mkrwifi1010_beae6a75c7b1005045df6c1c726f976d.a(SERCOM.cpp.o)
                0x00004ed0                SERCOM::startTransmissionWIRE(unsigned char, SercomWireReadWriteFlag)
 .text._ZN6SERCOM18sendDataMasterWIREEh
                0x00004f54       0x24 C:\Users\jonas\AppData\Local\Temp\arduino-sketch-2557EE6B9F804B4BB86B4880FD7F03A8/..\arduino-core-cache\core_arduino_samd_mkrwifi1010_beae6a75c7b1005045df6c1c726f976d.a(SERCOM.cpp.o)
                0x00004f54                SERCOM::sendDataMasterWIRE(unsigned char)
 .text._ZN6SERCOM17sendDataSlaveWIREEh
                0x00004f78       0x1c C:\Users\jonas\AppData\Local\Temp\arduino-sketch-2557EE6B9F804B4BB86B4880FD7F03A8/..\arduino-core-cache\core_arduino_samd_mkrwifi1010_beae6a75c7b1005045df6c1c726f976d.a(SERCOM.cpp.o)
                0x00004f78                SERCOM::sendDataSlaveWIRE(unsigned char)
 .text._ZN6SERCOM11isSlaveWIREEv
                0x00004f94       0x12 C:\Users\jonas\AppData\Local\Temp\arduino-sketch-2557EE6B9F804B4BB86B4880FD7F03A8/..\arduino-core-cache\core_arduino_samd_mkrwifi1010_beae6a75c7b1005045df6c1c726f976d.a(SERCOM.cpp.o)
                0x00004f94                SERCOM::isSlaveWIRE()
 .text._ZN6SERCOM14isBusOwnerWIREEv
                0x00004fa6       0x12 C:\Users\jonas\AppData\Local\Temp\arduino-sketch-2557EE6B9F804B4BB86B4880FD7F03A8/..\arduino-core-cache\core_arduino_samd_mkrwifi1010_beae6a75c7b1005045df6c1c726f976d.a(SERCOM.cpp.o)
                0x00004fa6                SERCOM::isBusOwnerWIRE()
 .text._ZN6SERCOM15isDataReadyWIREEv
                0x00004fb8        0xa C:\Users\jonas\AppData\Local\Temp\arduino-sketch-2557EE6B9F804B4BB86B4880FD7F03A8/..\arduino-core-cache\core_arduino_samd_mkrwifi1010_beae6a75c7b1005045df6c1c726f976d.a(SERCOM.cpp.o)
                0x00004fb8                SERCOM::isDataReadyWIRE()
 .text._ZN6SERCOM18isStopDetectedWIREEv
                0x00004fc2        0xa C:\Users\jonas\AppData\Local\Temp\arduino-sketch-2557EE6B9F804B4BB86B4880FD7F03A8/..\arduino-core-cache\core_arduino_samd_mkrwifi1010_beae6a75c7b1005045df6c1c726f976d.a(SERCOM.cpp.o)
                0x00004fc2                SERCOM::isStopDetectedWIRE()
 .text._ZN6SERCOM21isRestartDetectedWIREEv
                0x00004fcc        0xa C:\Users\jonas\AppData\Local\Temp\arduino-sketch-2557EE6B9F804B4BB86B4880FD7F03A8/..\arduino-core-cache\core_arduino_samd_mkrwifi1010_beae6a75c7b1005045df6c1c726f976d.a(SERCOM.cpp.o)
                0x00004fcc                SERCOM::isRestartDetectedWIRE()
 .text._ZN6SERCOM14isAddressMatchEv
                0x00004fd6        0xa C:\Users\jonas\AppData\Local\Temp\arduino-sketch-2557EE6B9F804B4BB86B4880FD7F03A8/..\arduino-core-cache\core_arduino_samd_mkrwifi1010_beae6a75c7b1005045df6c1c726f976d.a(SERCOM.cpp.o)
                0x00004fd6                SERCOM::isAddressMatch()
 .text._ZN6SERCOM25isMasterReadOperationWIREEv
                0x00004fe0        0xa C:\Users\jonas\AppData\Local\Temp\arduino-sketch-2557EE6B9F804B4BB86B4880FD7F03A8/..\arduino-core-cache\core_arduino_samd_mkrwifi1010_beae6a75c7b1005045df6c1c726f976d.a(SERCOM.cpp.o)
                0x00004fe0                SERCOM::isMasterReadOperationWIRE()
 .text._ZN6SERCOM12readDataWIREEv
                0x00004fea       0x20 C:\Users\jonas\AppData\Local\Temp\arduino-sketch-2557EE6B9F804B4BB86B4880FD7F03A8/..\arduino-core-cache\core_arduino_samd_mkrwifi1010_beae6a75c7b1005045df6c1c726f976d.a(SERCOM.cpp.o)
                0x00004fea                SERCOM::readDataWIRE()
 *fill*         0x0000500a        0x2 
 .text._ZN6SERCOM13initClockNVICEv
                0x0000500c       0xa8 C:\Users\jonas\AppData\Local\Temp\arduino-sketch-2557EE6B9F804B4BB86B4880FD7F03A8/..\arduino-core-cache\core_arduino_samd_mkrwifi1010_beae6a75c7b1005045df6c1c726f976d.a(SERCOM.cpp.o)
                0x0000500c                SERCOM::initClockNVIC()
 .text._ZN6SERCOM8initUARTE14SercomUartMode20SercomUartSampleRatem
                0x000050b4       0x6c C:\Users\jonas\AppData\Local\Temp\arduino-sketch-2557EE6B9F804B4BB86B4880FD7F03A8/..\arduino-core-cache\core_arduino_samd_mkrwifi1010_beae6a75c7b1005045df6c1c726f976d.a(SERCOM.cpp.o)
                0x000050b4                SERCOM::initUART(SercomUartMode, SercomUartSampleRate, unsigned long)
 .text._ZN6SERCOM7initSPIE14SercomSpiTXPad11SercomRXPad17SercomSpiCharSize15SercomDataOrder
                0x00005120       0x4a C:\Users\jonas\AppData\Local\Temp\arduino-sketch-2557EE6B9F804B4BB86B4880FD7F03A8/..\arduino-core-cache\core_arduino_samd_mkrwifi1010_beae6a75c7b1005045df6c1c726f976d.a(SERCOM.cpp.o)
                0x00005120                SERCOM::initSPI(SercomSpiTXPad, SercomRXPad, SercomSpiCharSize, SercomDataOrder)
 .text._ZN6SERCOM13initSlaveWIREEhb
                0x0000516a       0x4a C:\Users\jonas\AppData\Local\Temp\arduino-sketch-2557EE6B9F804B4BB86B4880FD7F03A8/..\arduino-core-cache\core_arduino_samd_mkrwifi1010_beae6a75c7b1005045df6c1c726f976d.a(SERCOM.cpp.o)
                0x0000516a                SERCOM::initSlaveWIRE(unsigned char, bool)
 .text._ZN6SERCOM14initMasterWIREEm
                0x000051b4       0x54 C:\Users\jonas\AppData\Local\Temp\arduino-sketch-2557EE6B9F804B4BB86B4880FD7F03A8/..\arduino-core-cache\core_arduino_samd_mkrwifi1010_beae6a75c7b1005045df6c1c726f976d.a(SERCOM.cpp.o)
                0x000051b4                SERCOM::initMasterWIRE(unsigned long)
 .text._ZN7Serial_13getDescriptorERN7arduino8USBSetupE
                0x00005208        0x4 C:\Users\jonas\AppData\Local\Temp\arduino-sketch-2557EE6B9F804B4BB86B4880FD7F03A8/..\arduino-core-cache\core_arduino_samd_mkrwifi1010_beae6a75c7b1005045df6c1c726f976d.a(CDC.cpp.o)
                0x00005208                Serial_::getDescriptor(arduino::USBSetup&)
 .text._ZL5utox8mPc
                0x0000520c       0x24 C:\Users\jonas\AppData\Local\Temp\arduino-sketch-2557EE6B9F804B4BB86B4880FD7F03A8/..\arduino-core-cache\core_arduino_samd_mkrwifi1010_beae6a75c7b1005045df6c1c726f976d.a(CDC.cpp.o)
 .text._ZN7Serial_12getShortNameEPc
                0x00005230       0x44 C:\Users\jonas\AppData\Local\Temp\arduino-sketch-2557EE6B9F804B4BB86B4880FD7F03A8/..\arduino-core-cache\core_arduino_samd_mkrwifi1010_beae6a75c7b1005045df6c1c726f976d.a(CDC.cpp.o)
                0x00005230                Serial_::getShortName(char*)
 .text._ZThn16_N7Serial_12getShortNameEPc
                0x00005274       0x10 C:\Users\jonas\AppData\Local\Temp\arduino-sketch-2557EE6B9F804B4BB86B4880FD7F03A8/..\arduino-core-cache\core_arduino_samd_mkrwifi1010_beae6a75c7b1005045df6c1c726f976d.a(CDC.cpp.o)
                0x00005274                non-virtual thunk to Serial_::getShortName(char*)
 .text._ZN7Serial_17availableForWriteEv
                0x00005284        0x4 C:\Users\jonas\AppData\Local\Temp\arduino-sketch-2557EE6B9F804B4BB86B4880FD7F03A8/..\arduino-core-cache\core_arduino_samd_mkrwifi1010_beae6a75c7b1005045df6c1c726f976d.a(CDC.cpp.o)
                0x00005284                Serial_::availableForWrite()
 .text._ZN7Serial_5writeEh
                0x00005288       0x14 C:\Users\jonas\AppData\Local\Temp\arduino-sketch-2557EE6B9F804B4BB86B4880FD7F03A8/..\arduino-core-cache\core_arduino_samd_mkrwifi1010_beae6a75c7b1005045df6c1c726f976d.a(CDC.cpp.o)
                0x00005288                Serial_::write(unsigned char)
 .text._ZN7Serial_12getInterfaceEPh
                0x0000529c      0x11c C:\Users\jonas\AppData\Local\Temp\arduino-sketch-2557EE6B9F804B4BB86B4880FD7F03A8/..\arduino-core-cache\core_arduino_samd_mkrwifi1010_beae6a75c7b1005045df6c1c726f976d.a(CDC.cpp.o)
                0x0000529c                Serial_::getInterface(unsigned char*)
 .text._ZThn16_N7Serial_12getInterfaceEPh
                0x000053b8       0x10 C:\Users\jonas\AppData\Local\Temp\arduino-sketch-2557EE6B9F804B4BB86B4880FD7F03A8/..\arduino-core-cache\core_arduino_samd_mkrwifi1010_beae6a75c7b1005045df6c1c726f976d.a(CDC.cpp.o)
                0x000053b8                non-virtual thunk to Serial_::getInterface(unsigned char*)
 .text._ZN7Serial_5setupERN7arduino8USBSetupE
                0x000053c8       0x98 C:\Users\jonas\AppData\Local\Temp\arduino-sketch-2557EE6B9F804B4BB86B4880FD7F03A8/..\arduino-core-cache\core_arduino_samd_mkrwifi1010_beae6a75c7b1005045df6c1c726f976d.a(CDC.cpp.o)
                0x000053c8                Serial_::setup(arduino::USBSetup&)
 .text._ZThn16_N7Serial_5setupERN7arduino8USBSetupE
                0x00005460       0x10 C:\Users\jonas\AppData\Local\Temp\arduino-sketch-2557EE6B9F804B4BB86B4880FD7F03A8/..\arduino-core-cache\core_arduino_samd_mkrwifi1010_beae6a75c7b1005045df6c1c726f976d.a(CDC.cpp.o)
                0x00005460                non-virtual thunk to Serial_::setup(arduino::USBSetup&)
 .text._ZN7Serial_9availableEv
                0x00005470       0x20 C:\Users\jonas\AppData\Local\Temp\arduino-sketch-2557EE6B9F804B4BB86B4880FD7F03A8/..\arduino-core-cache\core_arduino_samd_mkrwifi1010_beae6a75c7b1005045df6c1c726f976d.a(CDC.cpp.o)
                0x00005470                Serial_::available()
 .text._ZN7Serial_5flushEv
                0x00005490        0xe C:\Users\jonas\AppData\Local\Temp\arduino-sketch-2557EE6B9F804B4BB86B4880FD7F03A8/..\arduino-core-cache\core_arduino_samd_mkrwifi1010_beae6a75c7b1005045df6c1c726f976d.a(CDC.cpp.o)
                0x00005490                Serial_::flush()
 .text._ZN7Serial_5clearEv
                0x0000549e        0xe C:\Users\jonas\AppData\Local\Temp\arduino-sketch-2557EE6B9F804B4BB86B4880FD7F03A8/..\arduino-core-cache\core_arduino_samd_mkrwifi1010_beae6a75c7b1005045df6c1c726f976d.a(CDC.cpp.o)
                0x0000549e                Serial_::clear()
 .text._ZN7Serial_5writeEPKhj
                0x000054ac       0x1e C:\Users\jonas\AppData\Local\Temp\arduino-sketch-2557EE6B9F804B4BB86B4880FD7F03A8/..\arduino-core-cache\core_arduino_samd_mkrwifi1010_beae6a75c7b1005045df6c1c726f976d.a(CDC.cpp.o)
                0x000054ac                Serial_::write(unsigned char const*, unsigned int)
 *fill*         0x000054ca        0x2 
 .text._ZN7Serial_4peekEv
                0x000054cc       0x1c C:\Users\jonas\AppData\Local\Temp\arduino-sketch-2557EE6B9F804B4BB86B4880FD7F03A8/..\arduino-core-cache\core_arduino_samd_mkrwifi1010_beae6a75c7b1005045df6c1c726f976d.a(CDC.cpp.o)
                0x000054cc                Serial_::peek()
 .text._ZN7Serial_4readEv
                0x000054e8       0x24 C:\Users\jonas\AppData\Local\Temp\arduino-sketch-2557EE6B9F804B4BB86B4880FD7F03A8/..\arduino-core-cache\core_arduino_samd_mkrwifi1010_beae6a75c7b1005045df6c1c726f976d.a(CDC.cpp.o)
                0x000054e8                Serial_::read()
 .text._ZThn16_N7Serial_13getDescriptorERN7arduino8USBSetupE
                0x0000550c        0x4 C:\Users\jonas\AppData\Local\Temp\arduino-sketch-2557EE6B9F804B4BB86B4880FD7F03A8/..\arduino-core-cache\core_arduino_samd_mkrwifi1010_beae6a75c7b1005045df6c1c726f976d.a(CDC.cpp.o)
                0x0000550c                non-virtual thunk to Serial_::getDescriptor(arduino::USBSetup&)
 .text._ZN7Serial_14handleEndpointEi
                0x00005510        0x2 C:\Users\jonas\AppData\Local\Temp\arduino-sketch-2557EE6B9F804B4BB86B4880FD7F03A8/..\arduino-core-cache\core_arduino_samd_mkrwifi1010_beae6a75c7b1005045df6c1c726f976d.a(CDC.cpp.o)
                0x00005510                Serial_::handleEndpoint(int)
 *fill*         0x00005512        0x2 
 .text._ZN7Serial_C2ER14USBDeviceClass
                0x00005514       0x50 C:\Users\jonas\AppData\Local\Temp\arduino-sketch-2557EE6B9F804B4BB86B4880FD7F03A8/..\arduino-core-cache\core_arduino_samd_mkrwifi1010_beae6a75c7b1005045df6c1c726f976d.a(CDC.cpp.o)
                0x00005514                Serial_::Serial_(USBDeviceClass&)
                0x00005514                Serial_::Serial_(USBDeviceClass&)
 .text._ZN7Serial_15enableInterruptEv
                0x00005564       0x30 C:\Users\jonas\AppData\Local\Temp\arduino-sketch-2557EE6B9F804B4BB86B4880FD7F03A8/..\arduino-core-cache\core_arduino_samd_mkrwifi1010_beae6a75c7b1005045df6c1c726f976d.a(CDC.cpp.o)
                0x00005564                Serial_::enableInterrupt()
 .text._ZN7Serial_5beginEm
                0x00005594        0x2 C:\Users\jonas\AppData\Local\Temp\arduino-sketch-2557EE6B9F804B4BB86B4880FD7F03A8/..\arduino-core-cache\core_arduino_samd_mkrwifi1010_beae6a75c7b1005045df6c1c726f976d.a(CDC.cpp.o)
                0x00005594                Serial_::begin(unsigned long)
 *fill*         0x00005596        0x2 
 .text._ZN7Serial_cvbEv
                0x00005598       0x28 C:\Users\jonas\AppData\Local\Temp\arduino-sketch-2557EE6B9F804B4BB86B4880FD7F03A8/..\arduino-core-cache\core_arduino_samd_mkrwifi1010_beae6a75c7b1005045df6c1c726f976d.a(CDC.cpp.o)
                0x00005598                Serial_::operator bool()
 .text.startup._GLOBAL__sub_I__ZN7Serial_12getInterfaceEPh
                0x000055c0       0x14 C:\Users\jonas\AppData\Local\Temp\arduino-sketch-2557EE6B9F804B4BB86B4880FD7F03A8/..\arduino-core-cache\core_arduino_samd_mkrwifi1010_beae6a75c7b1005045df6c1c726f976d.a(CDC.cpp.o)
 .text._ZN26DoubleBufferedEPOutHandlerD2Ev
                0x000055d4        0x2 C:\Users\jonas\AppData\Local\Temp\arduino-sketch-2557EE6B9F804B4BB86B4880FD7F03A8/..\arduino-core-cache\core_arduino_samd_mkrwifi1010_beae6a75c7b1005045df6c1c726f976d.a(USBCore.cpp.o)
                0x000055d4                DoubleBufferedEPOutHandler::~DoubleBufferedEPOutHandler()
                0x000055d4                DoubleBufferedEPOutHandler::~DoubleBufferedEPOutHandler()
 .text._ZN26DoubleBufferedEPOutHandlerD0Ev
                0x000055d6        0xc C:\Users\jonas\AppData\Local\Temp\arduino-sketch-2557EE6B9F804B4BB86B4880FD7F03A8/..\arduino-core-cache\core_arduino_samd_mkrwifi1010_beae6a75c7b1005045df6c1c726f976d.a(USBCore.cpp.o)
                0x000055d6                DoubleBufferedEPOutHandler::~DoubleBufferedEPOutHandler()
 *fill*         0x000055e2        0x2 
 .text._ZN14USBDeviceClass6initEPEmm.part.7
                0x000055e4       0xc4 C:\Users\jonas\AppData\Local\Temp\arduino-sketch-2557EE6B9F804B4BB86B4880FD7F03A8/..\arduino-core-cache\core_arduino_samd_mkrwifi1010_beae6a75c7b1005045df6c1c726f976d.a(USBCore.cpp.o)
 .text._ZN7__GuardC2Ev
                0x000056a8        0xe C:\Users\jonas\AppData\Local\Temp\arduino-sketch-2557EE6B9F804B4BB86B4880FD7F03A8/..\arduino-core-cache\core_arduino_samd_mkrwifi1010_beae6a75c7b1005045df6c1c726f976d.a(USBCore.cpp.o)
                0x000056a8                __Guard::__Guard()
                0x000056a8                __Guard::__Guard()
 .text._ZN7__GuardD2Ev
                0x000056b6        0xe C:\Users\jonas\AppData\Local\Temp\arduino-sketch-2557EE6B9F804B4BB86B4880FD7F03A8/..\arduino-core-cache\core_arduino_samd_mkrwifi1010_beae6a75c7b1005045df6c1c726f976d.a(USBCore.cpp.o)
                0x000056b6                __Guard::~__Guard()
                0x000056b6                __Guard::~__Guard()
 .text._ZNK26DoubleBufferedEPOutHandler10_availableEv
                0x000056c4       0x70 C:\Users\jonas\AppData\Local\Temp\arduino-sketch-2557EE6B9F804B4BB86B4880FD7F03A8/..\arduino-core-cache\core_arduino_samd_mkrwifi1010_beae6a75c7b1005045df6c1c726f976d.a(USBCore.cpp.o)
                0x000056c4                DoubleBufferedEPOutHandler::_available() const
 .text._ZN26DoubleBufferedEPOutHandler7releaseEv
                0x00005734       0x38 C:\Users\jonas\AppData\Local\Temp\arduino-sketch-2557EE6B9F804B4BB86B4880FD7F03A8/..\arduino-core-cache\core_arduino_samd_mkrwifi1010_beae6a75c7b1005045df6c1c726f976d.a(USBCore.cpp.o)
                0x00005734                DoubleBufferedEPOutHandler::release()
 .text._ZN26DoubleBufferedEPOutHandler14handleEndpointEv
                0x0000576c       0xe2 C:\Users\jonas\AppData\Local\Temp\arduino-sketch-2557EE6B9F804B4BB86B4880FD7F03A8/..\arduino-core-cache\core_arduino_samd_mkrwifi1010_beae6a75c7b1005045df6c1c726f976d.a(USBCore.cpp.o)
                0x0000576c                DoubleBufferedEPOutHandler::handleEndpoint()
 .text._ZN14USBDeviceClass14SendInterfacesEPm
                0x0000584e       0x20 C:\Users\jonas\AppData\Local\Temp\arduino-sketch-2557EE6B9F804B4BB86B4880FD7F03A8/..\arduino-core-cache\core_arduino_samd_mkrwifi1010_beae6a75c7b1005045df6c1c726f976d.a(USBCore.cpp.o)
                0x0000584e                USBDeviceClass::SendInterfaces(unsigned long*)
 *fill*         0x0000586e        0x2 
 .text._ZN14USBDeviceClass4initEv
                0x00005870      0x15c C:\Users\jonas\AppData\Local\Temp\arduino-sketch-2557EE6B9F804B4BB86B4880FD7F03A8/..\arduino-core-cache\core_arduino_samd_mkrwifi1010_beae6a75c7b1005045df6c1c726f976d.a(USBCore.cpp.o)
                0x00005870                USBDeviceClass::init()
 .text._ZN14USBDeviceClass6attachEv
                0x000059cc       0x34 C:\Users\jonas\AppData\Local\Temp\arduino-sketch-2557EE6B9F804B4BB86B4880FD7F03A8/..\arduino-core-cache\core_arduino_samd_mkrwifi1010_beae6a75c7b1005045df6c1c726f976d.a(USBCore.cpp.o)
                0x000059cc                USBDeviceClass::attach()
 .text._ZN14USBDeviceClass10setAddressEm
                0x00005a00       0x48 C:\Users\jonas\AppData\Local\Temp\arduino-sketch-2557EE6B9F804B4BB86B4880FD7F03A8/..\arduino-core-cache\core_arduino_samd_mkrwifi1010_beae6a75c7b1005045df6c1c726f976d.a(USBCore.cpp.o)
                0x00005a00                USBDeviceClass::setAddress(unsigned long)
 .text._ZN14USBDeviceClass25handleClassInterfaceSetupERN7arduino8USBSetupE
                0x00005a48       0x24 C:\Users\jonas\AppData\Local\Temp\arduino-sketch-2557EE6B9F804B4BB86B4880FD7F03A8/..\arduino-core-cache\core_arduino_samd_mkrwifi1010_beae6a75c7b1005045df6c1c726f976d.a(USBCore.cpp.o)
                0x00005a48                USBDeviceClass::handleClassInterfaceSetup(arduino::USBSetup&)
 .text._ZN14USBDeviceClass6initEPEmm
                0x00005a6c      0x10c C:\Users\jonas\AppData\Local\Temp\arduino-sketch-2557EE6B9F804B4BB86B4880FD7F03A8/..\arduino-core-cache\core_arduino_samd_mkrwifi1010_beae6a75c7b1005045df6c1c726f976d.a(USBCore.cpp.o)
                0x00005a6c                USBDeviceClass::initEP(unsigned long, unsigned long)
 .text._ZN14USBDeviceClass13initEndpointsEv
                0x00005b78       0x24 C:\Users\jonas\AppData\Local\Temp\arduino-sketch-2557EE6B9F804B4BB86B4880FD7F03A8/..\arduino-core-cache\core_arduino_samd_mkrwifi1010_beae6a75c7b1005045df6c1c726f976d.a(USBCore.cpp.o)
                0x00005b78                USBDeviceClass::initEndpoints()
 .text._ZN14USBDeviceClass5clearEm
                0x00005b9c       0x38 C:\Users\jonas\AppData\Local\Temp\arduino-sketch-2557EE6B9F804B4BB86B4880FD7F03A8/..\arduino-core-cache\core_arduino_samd_mkrwifi1010_beae6a75c7b1005045df6c1c726f976d.a(USBCore.cpp.o)
                0x00005b9c                USBDeviceClass::clear(unsigned long)
 .text._ZN14USBDeviceClass9availableEm
                0x00005bd4       0x2c C:\Users\jonas\AppData\Local\Temp\arduino-sketch-2557EE6B9F804B4BB86B4880FD7F03A8/..\arduino-core-cache\core_arduino_samd_mkrwifi1010_beae6a75c7b1005045df6c1c726f976d.a(USBCore.cpp.o)
                0x00005bd4                USBDeviceClass::available(unsigned long)
 .text._ZN14USBDeviceClass5flushEm
                0x00005c00       0x2c C:\Users\jonas\AppData\Local\Temp\arduino-sketch-2557EE6B9F804B4BB86B4880FD7F03A8/..\arduino-core-cache\core_arduino_samd_mkrwifi1010_beae6a75c7b1005045df6c1c726f976d.a(USBCore.cpp.o)
                0x00005c00                USBDeviceClass::flush(unsigned long)
 .text._ZN14USBDeviceClass4recvEmPvm
                0x00005c2c       0xc0 C:\Users\jonas\AppData\Local\Temp\arduino-sketch-2557EE6B9F804B4BB86B4880FD7F03A8/..\arduino-core-cache\core_arduino_samd_mkrwifi1010_beae6a75c7b1005045df6c1c726f976d.a(USBCore.cpp.o)
                0x00005c2c                USBDeviceClass::recv(unsigned long, void*, unsigned long)
 .text._ZN14USBDeviceClass4recvEm
                0x00005cec       0x1c C:\Users\jonas\AppData\Local\Temp\arduino-sketch-2557EE6B9F804B4BB86B4880FD7F03A8/..\arduino-core-cache\core_arduino_samd_mkrwifi1010_beae6a75c7b1005045df6c1c726f976d.a(USBCore.cpp.o)
                0x00005cec                USBDeviceClass::recv(unsigned long)
 .text._ZN14USBDeviceClass14armRecvCtrlOUTEm
                0x00005d08       0x5c C:\Users\jonas\AppData\Local\Temp\arduino-sketch-2557EE6B9F804B4BB86B4880FD7F03A8/..\arduino-core-cache\core_arduino_samd_mkrwifi1010_beae6a75c7b1005045df6c1c726f976d.a(USBCore.cpp.o)
                0x00005d08                USBDeviceClass::armRecvCtrlOUT(unsigned long)
 .text._ZN14USBDeviceClass11recvControlEPvm
                0x00005d64       0x28 C:\Users\jonas\AppData\Local\Temp\arduino-sketch-2557EE6B9F804B4BB86B4880FD7F03A8/..\arduino-core-cache\core_arduino_samd_mkrwifi1010_beae6a75c7b1005045df6c1c726f976d.a(USBCore.cpp.o)
                0x00005d64                USBDeviceClass::recvControl(void*, unsigned long)
 .text._ZN14USBDeviceClass4sendEmPKvm
                0x00005d8c      0x10c C:\Users\jonas\AppData\Local\Temp\arduino-sketch-2557EE6B9F804B4BB86B4880FD7F03A8/..\arduino-core-cache\core_arduino_samd_mkrwifi1010_beae6a75c7b1005045df6c1c726f976d.a(USBCore.cpp.o)
                0x00005d8c                USBDeviceClass::send(unsigned long, void const*, unsigned long)
 .text._ZN14USBDeviceClass7armSendEmPKvm
                0x00005e98       0x48 C:\Users\jonas\AppData\Local\Temp\arduino-sketch-2557EE6B9F804B4BB86B4880FD7F03A8/..\arduino-core-cache\core_arduino_samd_mkrwifi1010_beae6a75c7b1005045df6c1c726f976d.a(USBCore.cpp.o)
                0x00005e98                USBDeviceClass::armSend(unsigned long, void const*, unsigned long)
 .text._ZN14USBDeviceClass11sendControlEPKvm
                0x00005ee0       0x54 C:\Users\jonas\AppData\Local\Temp\arduino-sketch-2557EE6B9F804B4BB86B4880FD7F03A8/..\arduino-core-cache\core_arduino_samd_mkrwifi1010_beae6a75c7b1005045df6c1c726f976d.a(USBCore.cpp.o)
                0x00005ee0                USBDeviceClass::sendControl(void const*, unsigned long)
 .text._ZN14USBDeviceClass20sendStringDescriptorEPKhm
                0x00005f34       0x64 C:\Users\jonas\AppData\Local\Temp\arduino-sketch-2557EE6B9F804B4BB86B4880FD7F03A8/..\arduino-core-cache\core_arduino_samd_mkrwifi1010_beae6a75c7b1005045df6c1c726f976d.a(USBCore.cpp.o)
                0x00005f34                USBDeviceClass::sendStringDescriptor(unsigned char const*, unsigned long)
 .text._ZN14USBDeviceClass17sendConfigurationEm
                0x00005f98       0x80 C:\Users\jonas\AppData\Local\Temp\arduino-sketch-2557EE6B9F804B4BB86B4880FD7F03A8/..\arduino-core-cache\core_arduino_samd_mkrwifi1010_beae6a75c7b1005045df6c1c726f976d.a(USBCore.cpp.o)
                0x00005f98                USBDeviceClass::sendConfiguration(unsigned long)
 .text._ZN14USBDeviceClass14sendDescriptorERN7arduino8USBSetupE
                0x00006018       0xd8 C:\Users\jonas\AppData\Local\Temp\arduino-sketch-2557EE6B9F804B4BB86B4880FD7F03A8/..\arduino-core-cache\core_arduino_samd_mkrwifi1010_beae6a75c7b1005045df6c1c726f976d.a(USBCore.cpp.o)
                0x00006018                USBDeviceClass::sendDescriptor(arduino::USBSetup&)
 .text._ZN14USBDeviceClass7sendZlpEm
                0x000060f0       0x18 C:\Users\jonas\AppData\Local\Temp\arduino-sketch-2557EE6B9F804B4BB86B4880FD7F03A8/..\arduino-core-cache\core_arduino_samd_mkrwifi1010_beae6a75c7b1005045df6c1c726f976d.a(USBCore.cpp.o)
                0x000060f0                USBDeviceClass::sendZlp(unsigned long)
 .text._ZN14USBDeviceClass19handleStandardSetupERN7arduino8USBSetupE
                0x00006108       0xf0 C:\Users\jonas\AppData\Local\Temp\arduino-sketch-2557EE6B9F804B4BB86B4880FD7F03A8/..\arduino-core-cache\core_arduino_samd_mkrwifi1010_beae6a75c7b1005045df6c1c726f976d.a(USBCore.cpp.o)
                0x00006108                USBDeviceClass::handleStandardSetup(arduino::USBSetup&)
 .text._ZN14USBDeviceClass10ISRHandlerEv
                0x000061f8      0x108 C:\Users\jonas\AppData\Local\Temp\arduino-sketch-2557EE6B9F804B4BB86B4880FD7F03A8/..\arduino-core-cache\core_arduino_samd_mkrwifi1010_beae6a75c7b1005045df6c1c726f976d.a(USBCore.cpp.o)
                0x000061f8                USBDeviceClass::ISRHandler()
 .text.UDD_Handler
                0x00006300       0x10 C:\Users\jonas\AppData\Local\Temp\arduino-sketch-2557EE6B9F804B4BB86B4880FD7F03A8/..\arduino-core-cache\core_arduino_samd_mkrwifi1010_beae6a75c7b1005045df6c1c726f976d.a(USBCore.cpp.o)
                0x00006300                UDD_Handler
 .text._ZN7arduino13PluggableUSB_C2Ev
                0x00006310       0x10 C:\Users\jonas\AppData\Local\Temp\arduino-sketch-2557EE6B9F804B4BB86B4880FD7F03A8/..\arduino-core-cache\core_arduino_samd_mkrwifi1010_beae6a75c7b1005045df6c1c726f976d.a(USBCore.cpp.o)
                0x00006310                arduino::PluggableUSB_::PluggableUSB_()
                0x00006310                arduino::PluggableUSB_::PluggableUSB_()
 .text._Z8epBufferj
                0x00006320        0xc C:\Users\jonas\AppData\Local\Temp\arduino-sketch-2557EE6B9F804B4BB86B4880FD7F03A8/..\arduino-core-cache\core_arduino_samd_mkrwifi1010_beae6a75c7b1005045df6c1c726f976d.a(USBCore.cpp.o)
                0x00006320                epBuffer(unsigned int)
 .text._ZN7arduino11RingBufferNILi64EE10store_charEh
                0x0000632c       0x1c C:\Users\jonas\AppData\Local\Temp\arduino-sketch-2557EE6B9F804B4BB86B4880FD7F03A8/..\arduino-core-cache\core_arduino_samd_mkrwifi1010_beae6a75c7b1005045df6c1c726f976d.a(USBCore.cpp.o)
                0x0000632c                arduino::RingBufferN<64>::store_char(unsigned char)
 .text._ZN26DoubleBufferedEPOutHandler5_recvEv
                0x00006348      0x15e C:\Users\jonas\AppData\Local\Temp\arduino-sketch-2557EE6B9F804B4BB86B4880FD7F03A8/..\arduino-core-cache\core_arduino_samd_mkrwifi1010_beae6a75c7b1005045df6c1c726f976d.a(USBCore.cpp.o)
                0x00006348                DoubleBufferedEPOutHandler::_recv()
 .text._ZN26DoubleBufferedEPOutHandler9availableEv
                0x000064a6        0xc C:\Users\jonas\AppData\Local\Temp\arduino-sketch-2557EE6B9F804B4BB86B4880FD7F03A8/..\arduino-core-cache\core_arduino_samd_mkrwifi1010_beae6a75c7b1005045df6c1c726f976d.a(USBCore.cpp.o)
                0x000064a6                DoubleBufferedEPOutHandler::available()
 .text._ZN26DoubleBufferedEPOutHandler4peekEv
                0x000064b2       0x1c C:\Users\jonas\AppData\Local\Temp\arduino-sketch-2557EE6B9F804B4BB86B4880FD7F03A8/..\arduino-core-cache\core_arduino_samd_mkrwifi1010_beae6a75c7b1005045df6c1c726f976d.a(USBCore.cpp.o)
                0x000064b2                DoubleBufferedEPOutHandler::peek()
 .text._ZN26DoubleBufferedEPOutHandler4recvEPvm
                0x000064ce       0x60 C:\Users\jonas\AppData\Local\Temp\arduino-sketch-2557EE6B9F804B4BB86B4880FD7F03A8/..\arduino-core-cache\core_arduino_samd_mkrwifi1010_beae6a75c7b1005045df6c1c726f976d.a(USBCore.cpp.o)
                0x000064ce                DoubleBufferedEPOutHandler::recv(void*, unsigned long)
 *fill*         0x0000652e        0x2 
 .text.startup._GLOBAL__sub_I_usbd
                0x00006530       0x10 C:\Users\jonas\AppData\Local\Temp\arduino-sketch-2557EE6B9F804B4BB86B4880FD7F03A8/..\arduino-core-cache\core_arduino_samd_mkrwifi1010_beae6a75c7b1005045df6c1c726f976d.a(USBCore.cpp.o)
 .text._ZN4UartcvbEv
                0x00006540        0x4 C:\Users\jonas\AppData\Local\Temp\arduino-sketch-2557EE6B9F804B4BB86B4880FD7F03A8/..\arduino-core-cache\core_arduino_samd_mkrwifi1010_beae6a75c7b1005045df6c1c726f976d.a(Uart.cpp.o)
                0x00006540                Uart::operator bool()
 .text._ZN4Uart5beginEm
                0x00006544       0x10 C:\Users\jonas\AppData\Local\Temp\arduino-sketch-2557EE6B9F804B4BB86B4880FD7F03A8/..\arduino-core-cache\core_arduino_samd_mkrwifi1010_beae6a75c7b1005045df6c1c726f976d.a(Uart.cpp.o)
                0x00006544                Uart::begin(unsigned long)
 .text._ZN4Uart9availableEv
                0x00006554        0x4 C:\Users\jonas\AppData\Local\Temp\arduino-sketch-2557EE6B9F804B4BB86B4880FD7F03A8/..\arduino-core-cache\core_arduino_samd_mkrwifi1010_beae6a75c7b1005045df6c1c726f976d.a(Uart.cpp.o)
                0x00006554                Uart::available()
 .text._ZN4Uart17availableForWriteEv
                0x00006558        0xa C:\Users\jonas\AppData\Local\Temp\arduino-sketch-2557EE6B9F804B4BB86B4880FD7F03A8/..\arduino-core-cache\core_arduino_samd_mkrwifi1010_beae6a75c7b1005045df6c1c726f976d.a(Uart.cpp.o)
                0x00006558                Uart::availableForWrite()
 .text._ZN4Uart4peekEv
                0x00006562       0x14 C:\Users\jonas\AppData\Local\Temp\arduino-sketch-2557EE6B9F804B4BB86B4880FD7F03A8/..\arduino-core-cache\core_arduino_samd_mkrwifi1010_beae6a75c7b1005045df6c1c726f976d.a(Uart.cpp.o)
                0x00006562                Uart::peek()
 .text._ZN4Uart3endEv
                0x00006576       0x20 C:\Users\jonas\AppData\Local\Temp\arduino-sketch-2557EE6B9F804B4BB86B4880FD7F03A8/..\arduino-core-cache\core_arduino_samd_mkrwifi1010_beae6a75c7b1005045df6c1c726f976d.a(Uart.cpp.o)
                0x00006576                Uart::end()
 .text._ZN4Uart5flushEv
                0x00006596       0x14 C:\Users\jonas\AppData\Local\Temp\arduino-sketch-2557EE6B9F804B4BB86B4880FD7F03A8/..\arduino-core-cache\core_arduino_samd_mkrwifi1010_beae6a75c7b1005045df6c1c726f976d.a(Uart.cpp.o)
                0x00006596                Uart::flush()
 .text._ZN4Uart16extractNbStopBitEt
                0x000065aa        0xc C:\Users\jonas\AppData\Local\Temp\arduino-sketch-2557EE6B9F804B4BB86B4880FD7F03A8/..\arduino-core-cache\core_arduino_samd_mkrwifi1010_beae6a75c7b1005045df6c1c726f976d.a(Uart.cpp.o)
                0x000065aa                Uart::extractNbStopBit(unsigned short)
 .text._ZN4Uart15extractCharSizeEt
                0x000065b6       0x28 C:\Users\jonas\AppData\Local\Temp\arduino-sketch-2557EE6B9F804B4BB86B4880FD7F03A8/..\arduino-core-cache\core_arduino_samd_mkrwifi1010_beae6a75c7b1005045df6c1c726f976d.a(Uart.cpp.o)
                0x000065b6                Uart::extractCharSize(unsigned short)
 .text._ZN4Uart13extractParityEt
                0x000065de       0x14 C:\Users\jonas\AppData\Local\Temp\arduino-sketch-2557EE6B9F804B4BB86B4880FD7F03A8/..\arduino-core-cache\core_arduino_samd_mkrwifi1010_beae6a75c7b1005045df6c1c726f976d.a(Uart.cpp.o)
                0x000065de                Uart::extractParity(unsigned short)
 *fill*         0x000065f2        0x2 
 .text._ZN4Uart5beginEmt
                0x000065f4       0xf0 C:\Users\jonas\AppData\Local\Temp\arduino-sketch-2557EE6B9F804B4BB86B4880FD7F03A8/..\arduino-core-cache\core_arduino_samd_mkrwifi1010_beae6a75c7b1005045df6c1c726f976d.a(Uart.cpp.o)
                0x000065f4                Uart::begin(unsigned long, unsigned short)
 .text._ZN7arduino11RingBufferNILi64EEC2Ev